Archive member included to satisfy reference by file (symbol)

C:/ST/STM32CubeIDE_1.19.0/STM32CubeIDE/plugins/com.st.stm32cube.ide.mcu.externaltools.gnu-tools-for-stm32.13.3.rel1.win32_1.0.0.202411081344/tools/bin/../lib/gcc/arm-none-eabi/13.3.1/../../../../arm-none-eabi/lib/thumb/v6-m/nofp\libc_nano.a(libc_a-exit.o)
                              C:/ST/STM32CubeIDE_1.19.0/STM32CubeIDE/plugins/com.st.stm32cube.ide.mcu.externaltools.gnu-tools-for-stm32.13.3.rel1.win32_1.0.0.202411081344/tools/bin/../lib/gcc/arm-none-eabi/13.3.1/../../../../arm-none-eabi/lib/thumb/v6-m/nofp/crt0.o (exit)
C:/ST/STM32CubeIDE_1.19.0/STM32CubeIDE/plugins/com.st.stm32cube.ide.mcu.externaltools.gnu-tools-for-stm32.13.3.rel1.win32_1.0.0.202411081344/tools/bin/../lib/gcc/arm-none-eabi/13.3.1/../../../../arm-none-eabi/lib/thumb/v6-m/nofp\libc_nano.a(libc_a-findfp.o)
                              C:/ST/STM32CubeIDE_1.19.0/STM32CubeIDE/plugins/com.st.stm32cube.ide.mcu.externaltools.gnu-tools-for-stm32.13.3.rel1.win32_1.0.0.202411081344/tools/bin/../lib/gcc/arm-none-eabi/13.3.1/../../../../arm-none-eabi/lib/thumb/v6-m/nofp\libc_nano.a(libc_a-exit.o) (__stdio_exit_handler)
C:/ST/STM32CubeIDE_1.19.0/STM32CubeIDE/plugins/com.st.stm32cube.ide.mcu.externaltools.gnu-tools-for-stm32.13.3.rel1.win32_1.0.0.202411081344/tools/bin/../lib/gcc/arm-none-eabi/13.3.1/../../../../arm-none-eabi/lib/thumb/v6-m/nofp\libc_nano.a(libc_a-fwalk.o)
                              C:/ST/STM32CubeIDE_1.19.0/STM32CubeIDE/plugins/com.st.stm32cube.ide.mcu.externaltools.gnu-tools-for-stm32.13.3.rel1.win32_1.0.0.202411081344/tools/bin/../lib/gcc/arm-none-eabi/13.3.1/../../../../arm-none-eabi/lib/thumb/v6-m/nofp\libc_nano.a(libc_a-findfp.o) (_fwalk_sglue)
C:/ST/STM32CubeIDE_1.19.0/STM32CubeIDE/plugins/com.st.stm32cube.ide.mcu.externaltools.gnu-tools-for-stm32.13.3.rel1.win32_1.0.0.202411081344/tools/bin/../lib/gcc/arm-none-eabi/13.3.1/../../../../arm-none-eabi/lib/thumb/v6-m/nofp\libc_nano.a(libc_a-stdio.o)
                              C:/ST/STM32CubeIDE_1.19.0/STM32CubeIDE/plugins/com.st.stm32cube.ide.mcu.externaltools.gnu-tools-for-stm32.13.3.rel1.win32_1.0.0.202411081344/tools/bin/../lib/gcc/arm-none-eabi/13.3.1/../../../../arm-none-eabi/lib/thumb/v6-m/nofp\libc_nano.a(libc_a-findfp.o) (__sread)
C:/ST/STM32CubeIDE_1.19.0/STM32CubeIDE/plugins/com.st.stm32cube.ide.mcu.externaltools.gnu-tools-for-stm32.13.3.rel1.win32_1.0.0.202411081344/tools/bin/../lib/gcc/arm-none-eabi/13.3.1/../../../../arm-none-eabi/lib/thumb/v6-m/nofp\libc_nano.a(libc_a-memset.o)
                              C:/ST/STM32CubeIDE_1.19.0/STM32CubeIDE/plugins/com.st.stm32cube.ide.mcu.externaltools.gnu-tools-for-stm32.13.3.rel1.win32_1.0.0.202411081344/tools/bin/../lib/gcc/arm-none-eabi/13.3.1/../../../../arm-none-eabi/lib/thumb/v6-m/nofp/crt0.o (memset)
C:/ST/STM32CubeIDE_1.19.0/STM32CubeIDE/plugins/com.st.stm32cube.ide.mcu.externaltools.gnu-tools-for-stm32.13.3.rel1.win32_1.0.0.202411081344/tools/bin/../lib/gcc/arm-none-eabi/13.3.1/../../../../arm-none-eabi/lib/thumb/v6-m/nofp\libc_nano.a(libc_a-closer.o)
                              C:/ST/STM32CubeIDE_1.19.0/STM32CubeIDE/plugins/com.st.stm32cube.ide.mcu.externaltools.gnu-tools-for-stm32.13.3.rel1.win32_1.0.0.202411081344/tools/bin/../lib/gcc/arm-none-eabi/13.3.1/../../../../arm-none-eabi/lib/thumb/v6-m/nofp\libc_nano.a(libc_a-stdio.o) (_close_r)
C:/ST/STM32CubeIDE_1.19.0/STM32CubeIDE/plugins/com.st.stm32cube.ide.mcu.externaltools.gnu-tools-for-stm32.13.3.rel1.win32_1.0.0.202411081344/tools/bin/../lib/gcc/arm-none-eabi/13.3.1/../../../../arm-none-eabi/lib/thumb/v6-m/nofp\libc_nano.a(libc_a-reent.o)
                              C:/ST/STM32CubeIDE_1.19.0/STM32CubeIDE/plugins/com.st.stm32cube.ide.mcu.externaltools.gnu-tools-for-stm32.13.3.rel1.win32_1.0.0.202411081344/tools/bin/../lib/gcc/arm-none-eabi/13.3.1/../../../../arm-none-eabi/lib/thumb/v6-m/nofp\libc_nano.a(libc_a-closer.o) (errno)
C:/ST/STM32CubeIDE_1.19.0/STM32CubeIDE/plugins/com.st.stm32cube.ide.mcu.externaltools.gnu-tools-for-stm32.13.3.rel1.win32_1.0.0.202411081344/tools/bin/../lib/gcc/arm-none-eabi/13.3.1/../../../../arm-none-eabi/lib/thumb/v6-m/nofp\libc_nano.a(libc_a-impure.o)
                              C:/ST/STM32CubeIDE_1.19.0/STM32CubeIDE/plugins/com.st.stm32cube.ide.mcu.externaltools.gnu-tools-for-stm32.13.3.rel1.win32_1.0.0.202411081344/tools/bin/../lib/gcc/arm-none-eabi/13.3.1/../../../../arm-none-eabi/lib/thumb/v6-m/nofp\libc_nano.a(libc_a-reent.o) (_impure_ptr)
C:/ST/STM32CubeIDE_1.19.0/STM32CubeIDE/plugins/com.st.stm32cube.ide.mcu.externaltools.gnu-tools-for-stm32.13.3.rel1.win32_1.0.0.202411081344/tools/bin/../lib/gcc/arm-none-eabi/13.3.1/../../../../arm-none-eabi/lib/thumb/v6-m/nofp\libc_nano.a(libc_a-lseekr.o)
[...]
Memory Configuration

Name             Origin             Length             Attributes
RAM              0x20000000         0x00001000         xrw
FLASH            0x08000000         0x00008000         xr
*default*        0x00000000         0xffffffff

Linker script and memory map

LOAD C:/ST/STM32CubeIDE_1.19.0/STM32CubeIDE/plugins/com.st.stm32cube.ide.mcu.externaltools.gnu-tools-for-stm32.13.3.rel1.win32_1.0.0.202411081344/tools/bin/../lib/gcc/arm-none-eabi/13.3.1/thumb/v6-m/nofp/crti.o
LOAD C:/ST/STM32CubeIDE_1.19.0/STM32CubeIDE/plugins/com.st.stm32cube.ide.mcu.externaltools.gnu-tools-for-stm32.13.3.rel1.win32_1.0.0.202411081344/tools/bin/../lib/gcc/arm-none-eabi/13.3.1/thumb/v6-m/nofp/crtbegin.o
LOAD C:/ST/STM32CubeIDE_1.19.0/STM32CubeIDE/plugins/com.st.stm32cube.ide.mcu.externaltools.gnu-tools-for-stm32.13.3.rel1.win32_1.0.0.202411081344/tools/bin/../lib/gcc/arm-none-eabi/13.3.1/../../../../arm-none-eabi/lib/thumb/v6-m/nofp/crt0.o
LOAD ./Core/Src/app_logic.o
LOAD C:\Users\embedded\AppData\Local\Temp\ccVKSB9F.ltrans0.ltrans.o
LOAD C:\Users\embedded\AppData\Local\Temp\ccSJ87gJ.debug.temp.o
LOAD C:\Users\embedded\AppData\Local\Temp\ccyxLcdk.debug.temp.o
LOAD C:\Users\embedded\AppData\Local\Temp\ccSRWf1U.debug.temp.o
LOAD C:\Users\embedded\AppData\Local\Temp\ccQMIJ9u.debug.temp.o
LOAD C:\Users\embedded\AppData\Local\Temp\cc0PxID8.debug.temp.o
LOAD C:\Users\embedded\AppData\Local\Temp\ccWrIdqL.debug.temp.o
LOAD C:\Users\embedded\AppData\Local\Temp\ccyhD6Bn.debug.temp.o
LOAD C:\Users\embedded\AppData\Local\Temp\ccurLlrZ.debug.temp.o
LOAD C:\Users\embedded\AppData\Local\Temp\cc4HYmAE.debug.temp.o
LOAD C:\Users\embedded\AppData\Local\Temp\ccSXXIIi.debug.temp.o
LOAD C:\Users\embedded\AppData\Local\Temp\ccUQjQ90.debug.temp.o
LOAD C:\Users\embedded\AppData\Local\Temp\ccUoxY6H.debug.temp.o
LOAD C:\Users\embedded\AppData\Local\Temp\ccCN8Upo.debug.temp.o
LOAD C:\Users\embedded\AppData\Local\Temp\ccYwwYX8.debug.temp.o
LOAD C:\Users\embedded\AppData\Local\Temp\ccyJtA7S.debug.temp.o
LOAD C:\Users\embedded\AppData\Local\Temp\ccKTPCfC.debug.temp.o
LOAD C:\Users\embedded\AppData\Local\Temp\cc2EVJel.debug.temp.o
LOAD C:\Users\embedded\AppData\Local\Temp\ccgSYpW7.debug.temp.o
LOAD C:\Users\embedded\AppData\Local\Temp\cc0N0f1T.debug.temp.o
LOAD C:\Users\embedded\AppData\Local\Temp\ccwsTfuF.debug.temp.o
LOAD C:\Users\embedded\AppData\Local\Temp\ccC5lDPq.debug.temp.o
LOAD C:\Users\embedded\AppData\Local\Temp\ccSjdNlg.debug.temp.o
LOAD C:\Users\embedded\AppData\Local\Temp\ccwqSrk4.debug.temp.o
LOAD C:\Users\embedded\AppData\Local\Temp\cc0xgYZR.debug.temp.o
LOAD C:\Users\embedded\AppData\Local\Temp\ccCRefNJ.debug.temp.o
LOAD C:\Users\embedded\AppData\Local\Temp\ccavCj8z.debug.temp.o
LOAD C:\Users\embedded\AppData\Local\Temp\cced02Kp.debug.temp.o
LOAD C:\Users\embedded\AppData\Local\Temp\ccmhOIxj.debug.temp.o
LOAD C:\Users\embedded\AppData\Local\Temp\ccGVV69c.debug.temp.o
LOAD C:\Users\embedded\AppData\Local\Temp\ccSbPWZ5.debug.temp.o
LOAD C:\Users\embedded\AppData\Local\Temp\cck47N11.debug.temp.o
LOAD C:\Users\embedded\AppData\Local\Temp\cc01Xu1X.debug.temp.o
LOAD C:\Users\embedded\AppData\Local\Temp\cccoyRpT.debug.temp.o
LOAD C:\Users\embedded\AppData\Local\Temp\ccY4pKYN.debug.temp.o
LOAD C:\Users\embedded\AppData\Local\Temp\ccOH4ZDM.debug.temp.o
LOAD C:\Users\embedded\AppData\Local\Temp\ccGtvm5J.debug.temp.o
LOAD C:\Users\embedded\AppData\Local\Temp\ccw4KVQH.debug.temp.o
LOAD C:\Users\embedded\AppData\Local\Temp\ccSVeYDI.debug.temp.o
LOAD C:\Users\embedded\AppData\Local\Temp\ccYIeWgJ.debug.temp.o
LOAD C:\Users\embedded\AppData\Local\Temp\ccKHJQMJ.debug.temp.o
LOAD C:\Users\embedded\AppData\Local\Temp\ccGjOCbJ.debug.temp.o
LOAD C:\Users\embedded\AppData\Local\Temp\cco8IcnM.debug.temp.o
LOAD C:\Users\embedded\AppData\Local\Temp\ccgqyT6O.debug.temp.o
LOAD C:\Users\embedded\AppData\Local\Temp\ccQiRF1Q.debug.temp.o
LOAD C:\Users\embedded\AppData\Local\Temp\ccUucwiT.debug.temp.o
LOAD ./Core/Src/battery.o
LOAD ./Core/Src/ble_jdy29.o
LOAD ./Core/Src/ble_protocol.o
LOAD ./Core/Src/bma253.o
LOAD ./Core/Src/bringup_test.o
LOAD ./Core/Src/button_test.o
LOAD ./Core/Src/buzzer.o
LOAD ./Core/Src/data_storage.o
LOAD ./Core/Src/device_state.o
LOAD ./Core/Src/ee_data.o
LOAD ./Core/Src/ee_store.o
LOAD ./Core/Src/hx711.o
LOAD ./Core/Src/main.o
LOAD ./Core/Src/ntc_temp.o
LOAD ./Core/Src/rtc_manager.o
LOAD ./Core/Src/rtc_pcf8563.o
LOAD ./Core/Src/sensors.o
LOAD ./Core/Src/stm32f0xx_hal_msp.o
LOAD ./Core/Src/stm32f0xx_it.o
LOAD ./Core/Src/syscalls.o
LOAD ./Core/Src/sysmem.o
LOAD ./Core/Src/system_stm32f0xx.o
LOAD ./Core/Src/tds_sensor.o
LOAD ./Core/Src/ws2812b.o
LOAD ./Core/Startup/startup_stm32f030k6tx.o
LOAD ./Drivers/STM32F0xx_HAL_Driver/Src/stm32f0xx_hal.o
LOAD ./Drivers/STM32F0xx_HAL_Driver/Src/stm32f0xx_hal_adc.o
LOAD ./Drivers/STM32F0xx_HAL_Driver/Src/stm32f0xx_hal_adc_ex.o
LOAD ./Drivers/STM32F0xx_HAL_Driver/Src/stm32f0xx_hal_cortex.o
LOAD ./Drivers/STM32F0xx_HAL_Driver/Src/stm32f0xx_hal_dma.o
LOAD ./Drivers/STM32F0xx_HAL_Driver/Src/stm32f0xx_hal_exti.o
LOAD ./Drivers/STM32F0xx_HAL_Driver/Src/stm32f0xx_hal_flash.o
LOAD ./Drivers/STM32F0xx_HAL_Driver/Src/stm32f0xx_hal_flash_ex.o
LOAD ./Drivers/STM32F0xx_HAL_Driver/Src/stm32f0xx_hal_gpio.o
LOAD ./Drivers/STM32F0xx_HAL_Driver/Src/stm32f0xx_hal_i2c.o
LOAD ./Drivers/STM32F0xx_HAL_Driver/Src/stm32f0xx_hal_i2c_ex.o
LOAD ./Drivers/STM32F0xx_HAL_Driver/Src/stm32f0xx_hal_iwdg.o
LOAD ./Drivers/STM32F0xx_HAL_Driver/Src/stm32f0xx_hal_pwr.o
LOAD ./Drivers/STM32F0xx_HAL_Driver/Src/stm32f0xx_hal_pwr_ex.o
LOAD ./Drivers/STM32F0xx_HAL_Driver/Src/stm32f0xx_hal_rcc.o
LOAD ./Drivers/STM32F0xx_HAL_Driver/Src/stm32f0xx_hal_rcc_ex.o
LOAD ./Drivers/STM32F0xx_HAL_Driver/Src/stm32f0xx_hal_tim.o
LOAD ./Drivers/STM32F0xx_HAL_Driver/Src/stm32f0xx_hal_tim_ex.o
LOAD ./Drivers/STM32F0xx_HAL_Driver/Src/stm32f0xx_hal_uart.o
LOAD ./Drivers/STM32F0xx_HAL_Driver/Src/stm32f0xx_hal_uart_ex.o
START GROUP
LOAD C:/ST/STM32CubeIDE_1.19.0/STM32CubeIDE/plugins/com.st.stm32cube.ide.mcu.externaltools.gnu-tools-for-stm32.13.3.rel1.win32_1.0.0.202411081344/tools/bin/../lib/gcc/arm-none-eabi/13.3.1/../../../../arm-none-eabi/lib/thumb/v6-m/nofp\libc_nano.a
LOAD C:/ST/STM32CubeIDE_1.19.0/STM32CubeIDE/plugins/com.st.stm32cube.ide.mcu.externaltools.gnu-tools-for-stm32.13.3.rel1.win32_1.0.0.202411081344/tools/bin/../lib/gcc/arm-none-eabi/13.3.1/../../../../arm-none-eabi/lib/thumb/v6-m/nofp\libm.a
END GROUP
START GROUP
LOAD C:/ST/STM32CubeIDE_1.19.0/STM32CubeIDE/plugins/com.st.stm32cube.ide.mcu.externaltools.gnu-tools-for-stm32.13.3.rel1.win32_1.0.0.202411081344/tools/bin/../lib/gcc/arm-none-eabi/13.3.1/thumb/v6-m/nofp\libgcc.a
LOAD C:/ST/STM32CubeIDE_1.19.0/STM32CubeIDE/plugins/com.st.stm32cube.ide.mcu.externaltools.gnu-tools-for-stm32.13.3.rel1.win32_1.0.0.202411081344/tools/bin/../lib/gcc/arm-none-eabi/13.3.1/../../../../arm-none-eabi/lib/thumb/v6-m/nofp\libc_nano.a
END GROUP
START GROUP
LOAD C:/ST/STM32CubeIDE_1.19.0/STM32CubeIDE/plugins/com.st.stm32cube.ide.mcu.externaltools.gnu-tools-for-stm32.13.3.rel1.win32_1.0.0.202411081344/tools/bin/../lib/gcc/arm-none-eabi/13.3.1/thumb/v6-m/nofp\libgcc.a
LOAD C:/ST/STM32CubeIDE_1.19.0/STM32CubeIDE/plugins/com.st.stm32cube.ide.mcu.externaltools.gnu-tools-for-stm32.13.3.rel1.win32_1.0.0.202411081344/tools/bin/../lib/gcc/arm-none-eabi/13.3.1/../../../../arm-none-eabi/lib/thumb/v6-m/nofp\libc_nano.a
LOAD C:/ST/STM32CubeIDE_1.19.0/STM32CubeIDE/plugins/com.st.stm32cube.ide.mcu.externaltools.gnu-tools-for-stm32.13.3.rel1.win32_1.0.0.202411081344/tools/bin/../lib/gcc/arm-none-eabi/13.3.1/../../../../arm-none-eabi/lib/thumb/v6-m/nofp\libnosys.a
END GROUP
START GROUP
LOAD C:/ST/STM32CubeIDE_1.19.0/STM32CubeIDE/plugins/com.st.stm32cube.ide.mcu.externaltools.gnu-tools-for-stm32.13.3.rel1.win32_1.0.0.202411081344/tools/bin/../lib/gcc/arm-none-eabi/13.3.1/thumb/v6-m/nofp\libgcc.a
LOAD C:/ST/STM32CubeIDE_1.19.0/STM32CubeIDE/plugins/com.st.stm32cube.ide.mcu.externaltools.gnu-tools-for-stm32.13.3.rel1.win32_1.0.0.202411081344/tools/bin/../lib/gcc/arm-none-eabi/13.3.1/../../../../arm-none-eabi/lib/thumb/v6-m/nofp\libc_nano.a
LOAD C:/ST/STM32CubeIDE_1.19.0/STM32CubeIDE/plugins/com.st.stm32cube.ide.mcu.externaltools.gnu-tools-for-stm32.13.3.rel1.win32_1.0.0.202411081344/tools/bin/../lib/gcc/arm-none-eabi/13.3.1/../../../../arm-none-eabi/lib/thumb/v6-m/nofp\libnosys.a
END GROUP
LOAD C:/ST/STM32CubeIDE_1.19.0/STM32CubeIDE/plugins/com.st.stm32cube.ide.mcu.externaltools.gnu-tools-for-stm32.13.3.rel1.win32_1.0.0.202411081344/tools/bin/../lib/gcc/arm-none-eabi/13.3.1/thumb/v6-m/nofp/crtend.o
LOAD C:/ST/STM32CubeIDE_1.19.0/STM32CubeIDE/plugins/com.st.stm32cube.ide.mcu.externaltools.gnu-tools-for-stm32.13.3.rel1.win32_1.0.0.202411081344/tools/bin/../lib/gcc/arm-none-eabi/13.3.1/thumb/v6-m/nofp/crtn.o
                0x20001000                        _estack = (ORIGIN (RAM) + LENGTH (RAM))
                0x00000200                        _Min_Heap_Size = 0x200
                0x00000400                        _Min_Stack_Size = 0x400

.isr_vector     0x08000000       0xc0
                0x08000000                        . = ALIGN (0x4)
 *(.isr_vector)
 .isr_vector    0x08000000       0xc0 ./Core/Startup/startup_stm32f030k6tx.o
                0x08000000                g_pfnVectors
                0x080000c0                        . = ALIGN (0x4)

.text           0x080000c0     0x7730
                0x080000c0                        . = ALIGN (0x4)
 *(.text)
 .text          0x080000c0       0x48 C:/ST/STM32CubeIDE_1.19.0/STM32CubeIDE/plugins/com.st.stm32cube.ide.mcu.externaltools.gnu-tools-for-stm32.13.3.rel1.win32_1.0.0.202411081344/tools/bin/../lib/gcc/arm-none-eabi/13.3.1/thumb/v6-m/nofp/crtbegin.o
 .text          0x08000108     0x64e4 C:\Users\embedded\AppData\Local\Temp\ccVKSB9F.ltrans0.ltrans.o
                0x080060b4                NMI_Handler
                0x080060b6                HardFault_Handler
                0x080060b8                SVC_Handler
                0x080060ba                PendSV_Handler
                0x080060bc                SysTick_Handler
                0x080060cc                EXTI0_1_IRQHandler
                0x080060e0                EXTI4_15_IRQHandler
                0x0800610c                DMA1_Channel2_3_IRQHandler
                0x080061d0                ADC1_IRQHandler
                0x08006290                USART1_IRQHandler
                0x0800655c                _exit
                0x08006568                _read
                0x08006582                _write
                0x0800659c                _close
                0x080065a2                _lseek
                0x080065a6                _sbrk
                0x080065e8                SystemInit
 .text          0x080065ec       0x14 C:/ST/STM32CubeIDE_1.19.0/STM32CubeIDE/plugins/com.st.stm32cube.ide.mcu.externaltools.gnu-tools-for-stm32.13.3.rel1.win32_1.0.0.202411081344/tools/bin/../lib/gcc/arm-none-eabi/13.3.1/../../../../arm-none-eabi/lib/thumb/v6-m/nofp\libc_nano.a(libc_a-strcmp.o)
                0x080065ec                strcmp
 .text          0x08006600        0xe C:/ST/STM32CubeIDE_1.19.0/STM32CubeIDE/plugins/com.st.stm32cube.ide.mcu.externaltools.gnu-tools-for-stm32.13.3.rel1.win32_1.0.0.202411081344/tools/bin/../lib/gcc/arm-none-eabi/13.3.1/../../../../arm-none-eabi/lib/thumb/v6-m/nofp\libc_nano.a(libc_a-strlen.o)
                0x08006600                strlen
 *fill*         0x0800660e        0x2 
 .text          0x08006610       0x14 C:/ST/STM32CubeIDE_1.19.0/STM32CubeIDE/plugins/com.st.stm32cube.ide.mcu.externaltools.gnu-tools-for-stm32.13.3.rel1.win32_1.0.0.202411081344/tools/bin/../lib/gcc/arm-none-eabi/13.3.1/thumb/v6-m/nofp\libgcc.a(_thumb1_case_uqi.o)
                0x08006610                __gnu_thumb1_case_uqi
 .text          0x08006624       0x14 C:/ST/STM32CubeIDE_1.19.0/STM32CubeIDE/plugins/com.st.stm32cube.ide.mcu.externaltools.gnu-tools-for-stm32.13.3.rel1.win32_1.0.0.202411081344/tools/bin/../lib/gcc/arm-none-eabi/13.3.1/thumb/v6-m/nofp\libgcc.a(_thumb1_case_uhi.o)
                0x08006624                __gnu_thumb1_case_uhi
 .text          0x08006638      0x114 C:/ST/STM32CubeIDE_1.19.0/STM32CubeIDE/plugins/com.st.stm32cube.ide.mcu.externaltools.gnu-tools-for-stm32.13.3.rel1.win32_1.0.0.202411081344/tools/bin/../lib/gcc/arm-none-eabi/13.3.1/thumb/v6-m/nofp\libgcc.a(_udivsi3.o)
                0x08006638                __aeabi_uidiv
                0x08006638                __udivsi3
                0x08006744                __aeabi_uidivmod
 .text          0x0800674c      0x1d4 C:/ST/STM32CubeIDE_1.19.0/STM32CubeIDE/plugins/com.st.stm32cube.ide.mcu.externaltools.gnu-tools-for-stm32.13.3.rel1.win32_1.0.0.202411081344/tools/bin/../lib/gcc/arm-none-eabi/13.3.1/thumb/v6-m/nofp\libgcc.a(_divsi3.o)
                0x0800674c                __divsi3
                0x0800674c                __aeabi_idiv
                0x08006918                __aeabi_idivmod
 .text          0x08006920        0x4 C:/ST/STM32CubeIDE_1.19.0/STM32CubeIDE/plugins/com.st.stm32cube.ide.mcu.externaltools.gnu-tools-for-stm32.13.3.rel1.win32_1.0.0.202411081344/tools/bin/../lib/gcc/arm-none-eabi/13.3.1/thumb/v6-m/nofp\libgcc.a(_dvmd_tls.o)
                0x08006920                __aeabi_idiv0
                0x08006920                __aeabi_ldiv0
 .text          0x08006924       0x48 C:/ST/STM32CubeIDE_1.19.0/STM32CubeIDE/plugins/com.st.stm32cube.ide.mcu.externaltools.gnu-tools-for-stm32.13.3.rel1.win32_1.0.0.202411081344/tools/bin/../lib/gcc/arm-none-eabi/13.3.1/thumb/v6-m/nofp\libgcc.a(_aeabi_ldivmod.o)
                0x08006924                __aeabi_ldivmod
 .text          0x0800696c       0x5c C:/ST/STM32CubeIDE_1.19.0/STM32CubeIDE/plugins/com.st.stm32cube.ide.mcu.externaltools.gnu-tools-for-stm32.13.3.rel1.win32_1.0.0.202411081344/tools/bin/../lib/gcc/arm-none-eabi/13.3.1/thumb/v6-m/nofp\libgcc.a(_muldi3.o)
                0x0800696c                __muldi3
                0x0800696c                __aeabi_lmul
 .text          0x080069c8       0x3c C:/ST/STM32CubeIDE_1.19.0/STM32CubeIDE/plugins/com.st.stm32cube.ide.mcu.externaltools.gnu-tools-for-stm32.13.3.rel1.win32_1.0.0.202411081344/tools/bin/../lib/gcc/arm-none-eabi/13.3.1/thumb/v6-m/nofp\libgcc.a(bpabi.o)
                0x080069c8                __gnu_ldivmod_helper
 .text          0x08006a04       0x18 C:/ST/STM32CubeIDE_1.19.0/STM32CubeIDE/plugins/com.st.stm32cube.ide.mcu.externaltools.gnu-tools-for-stm32.13.3.rel1.win32_1.0.0.202411081344/tools/bin/../lib/gcc/arm-none-eabi/13.3.1/thumb/v6-m/nofp\libgcc.a(_clzdi2.o)
                0x08006a04                __clzdi2
 .text          0x08006a1c      0x1d8 C:/ST/STM32CubeIDE_1.19.0/STM32CubeIDE/plugins/com.st.stm32cube.ide.mcu.externaltools.gnu-tools-for-stm32.13.3.rel1.win32_1.0.0.202411081344/tools/bin/../lib/gcc/arm-none-eabi/13.3.1/thumb/v6-m/nofp\libgcc.a(_divdi3.o)
                0x08006a1c                __divdi3
 .text          0x08006bf4       0x3c C:/ST/STM32CubeIDE_1.19.0/STM32CubeIDE/plugins/com.st.stm32cube.ide.mcu.externaltools.gnu-tools-for-stm32.13.3.rel1.win32_1.0.0.202411081344/tools/bin/../lib/gcc/arm-none-eabi/13.3.1/thumb/v6-m/nofp\libgcc.a(_clzsi2.o)
                0x08006bf4                __clzsi2
 *(.text*)
 .text.startup  0x08006c30      0xab8 C:\Users\embedded\AppData\Local\Temp\ccVKSB9F.ltrans0.ltrans.o
                0x08006c30                main
 .text.Reset_Handler
                0x080076e8       0x50 ./Core/Startup/startup_stm32f030k6tx.o
                0x080076e8                Reset_Handler
 .text.Default_Handler
                0x08007738        0x2 ./Core/Startup/startup_stm32f030k6tx.o
                0x08007738                TIM1_CC_IRQHandler
                0x08007738                I2C1_IRQHandler
                0x08007738                SPI1_IRQHandler
                0x08007738                EXTI2_3_IRQHandler
                0x08007738                TIM17_IRQHandler
                0x08007738                RTC_IRQHandler
                0x08007738                TIM16_IRQHandler
                0x08007738                TIM3_IRQHandler
                0x08007738                RCC_IRQHandler
                0x08007738                DMA1_Channel1_IRQHandler
                0x08007738                Default_Handler
                0x08007738                TIM14_IRQHandler
                0x08007738                DMA1_Channel4_5_IRQHandler
                0x08007738                WWDG_IRQHandler
                0x08007738                FLASH_IRQHandler
                0x08007738                TIM1_BRK_UP_TRG_COM_IRQHandler
 .text.memset   0x0800773a       0x10 C:/ST/STM32CubeIDE_1.19.0/STM32CubeIDE/plugins/com.st.stm32cube.ide.mcu.externaltools.gnu-tools-for-stm32.13.3.rel1.win32_1.0.0.202411081344/tools/bin/../lib/gcc/arm-none-eabi/13.3.1/../../../../arm-none-eabi/lib/thumb/v6-m/nofp\libc_nano.a(libc_a-memset.o)
                0x0800773a                memset
 *fill*         0x0800774a        0x2 
 .text.__errno  0x0800774c        0xc C:/ST/STM32CubeIDE_1.19.0/STM32CubeIDE/plugins/com.st.stm32cube.ide.mcu.externaltools.gnu-tools-for-stm32.13.3.rel1.win32_1.0.0.202411081344/tools/bin/../lib/gcc/arm-none-eabi/13.3.1/../../../../arm-none-eabi/lib/thumb/v6-m/nofp\libc_nano.a(libc_a-errno.o)
                0x0800774c                __errno
 .text.__libc_init_array
                0x08007758       0x48 C:/ST/STM32CubeIDE_1.19.0/STM32CubeIDE/plugins/com.st.stm32cube.ide.mcu.externaltools.gnu-tools-for-stm32.13.3.rel1.win32_1.0.0.202411081344/tools/bin/../lib/gcc/arm-none-eabi/13.3.1/../../../../arm-none-eabi/lib/thumb/v6-m/nofp\libc_nano.a(libc_a-init.o)
                0x08007758                __libc_init_array
 .text.memmove  0x080077a0       0x24 C:/ST/STM32CubeIDE_1.19.0/STM32CubeIDE/plugins/com.st.stm32cube.ide.mcu.externaltools.gnu-tools-for-stm32.13.3.rel1.win32_1.0.0.202411081344/tools/bin/../lib/gcc/arm-none-eabi/13.3.1/../../../../arm-none-eabi/lib/thumb/v6-m/nofp\libc_nano.a(libc_a-memmove.o)
                0x080077a0                memmove
 .text.memcpy   0x080077c4       0x12 C:/ST/STM32CubeIDE_1.19.0/STM32CubeIDE/plugins/com.st.stm32cube.ide.mcu.externaltools.gnu-tools-for-stm32.13.3.rel1.win32_1.0.0.202411081344/tools/bin/../lib/gcc/arm-none-eabi/13.3.1/../../../../arm-none-eabi/lib/thumb/v6-m/nofp\libc_nano.a(libc_a-memcpy-stub.o)
                0x080077c4                memcpy
 *(.glue_7)
 .glue_7        0x080077d6        0x0 linker stubs
 *(.glue_7t)
 .glue_7t       0x080077d6        0x0 linker stubs
 *(.eh_frame)
 *fill*         0x080077d6        0x2 
 .eh_frame      0x080077d8        0x0 C:/ST/STM32CubeIDE_1.19.0/STM32CubeIDE/plugins/com.st.stm32cube.ide.mcu.externaltools.gnu-tools-for-stm32.13.3.rel1.win32_1.0.0.202411081344/tools/bin/../lib/gcc/arm-none-eabi/13.3.1/thumb/v6-m/nofp/crtbegin.o
 *(.init)
 .init          0x080077d8        0x4 C:/ST/STM32CubeIDE_1.19.0/STM32CubeIDE/plugins/com.st.stm32cube.ide.mcu.externaltools.gnu-tools-for-stm32.13.3.rel1.win32_1.0.0.202411081344/tools/bin/../lib/gcc/arm-none-eabi/13.3.1/thumb/v6-m/nofp/crti.o
                0x080077d8                _init
 .init          0x080077dc        0x8 C:/ST/STM32CubeIDE_1.19.0/STM32CubeIDE/plugins/com.st.stm32cube.ide.mcu.externaltools.gnu-tools-for-stm32.13.3.rel1.win32_1.0.0.202411081344/tools/bin/../lib/gcc/arm-none-eabi/13.3.1/thumb/v6-m/nofp/crtn.o
 *(.fini)
 .fini          0x080077e4        0x4 C:/ST/STM32CubeIDE_1.19.0/STM32CubeIDE/plugins/com.st.stm32cube.ide.mcu.externaltools.gnu-tools-for-stm32.13.3.rel1.win32_1.0.0.202411081344/tools/bin/../lib/gcc/arm-none-eabi/13.3.1/thumb/v6-m/nofp/crti.o
                0x080077e4                _fini
 .fini          0x080077e8        0x8 C:/ST/STM32CubeIDE_1.19.0/STM32CubeIDE/plugins/com.st.stm32cube.ide.mcu.externaltools.gnu-tools-for-stm32.13.3.rel1.win32_1.0.0.202411081344/tools/bin/../lib/gcc/arm-none-eabi/13.3.1/thumb/v6-m/nofp/crtn.o
                0x080077f0                        . = ALIGN (0x4)
                0x080077f0                        _etext = .

.vfp11_veneer   0x080077f0        0x0
 .vfp11_veneer  0x080077f0        0x0 linker stubs

.v4_bx          0x080077f0        0x0
 .v4_bx         0x080077f0        0x0 linker stubs

.iplt           0x080077f0        0x0
 .iplt          0x080077f0        0x0 C:/ST/STM32CubeIDE_1.19.0/STM32CubeIDE/plugins/com.st.stm32cube.ide.mcu.externaltools.gnu-tools-for-stm32.13.3.rel1.win32_1.0.0.202411081344/tools/bin/../lib/gcc/arm-none-eabi/13.3.1/thumb/v6-m/nofp/crtbegin.o

.rodata         0x080077f0      0x5c0
                0x080077f0                        . = ALIGN (0x4)
 *(.rodata)
 .rodata        0x080077f0      0x1be C:\Users\embedded\AppData\Local\Temp\ccVKSB9F.ltrans0.ltrans.o
 *(.rodata*)
 .rodata.str1.1
                0x080079ae      0x402 C:\Users\embedded\AppData\Local\Temp\ccVKSB9F.ltrans0.ltrans.o
                                0x429 (size before relaxing)
                0x08007db0                        . = ALIGN (0x4)

.ARM.extab      0x08007db0        0x0
                0x08007db0                        . = ALIGN (0x4)
 *(.ARM.extab* .gnu.linkonce.armextab.*)
                0x08007db0                        . = ALIGN (0x4)

.ARM            0x08007db0        0x8
                0x08007db0                        . = ALIGN (0x4)
                0x08007db0                        __exidx_start = .
 *(.ARM.exidx*)
 .ARM.exidx     0x08007db0        0x8 C:/ST/STM32CubeIDE_1.19.0/STM32CubeIDE/plugins/com.st.stm32cube.ide.mcu.externaltools.gnu-tools-for-stm32.13.3.rel1.win32_1.0.0.202411081344/tools/bin/../lib/gcc/arm-none-eabi/13.3.1/thumb/v6-m/nofp\libgcc.a(_divdi3.o)
                0x08007db8                        __exidx_end = .
                0x08007db8                        . = ALIGN (0x4)

.preinit_array  0x08007db8        0x0
                0x08007db8                        . = ALIGN (0x4)
                0x08007db8                        PROVIDE (__preinit_array_start = .)
 *(.preinit_array*)
                0x08007db8                        PROVIDE (__preinit_array_end = .)
                0x08007db8                        . = ALIGN (0x4)

.init_array     0x08007db8        0x4
                0x08007db8                        . = ALIGN (0x4)
                0x08007db8                        PROVIDE (__init_array_start = .)
 *(SORT_BY_NAME(.init_array.*))
 *(.init_array*)
 .init_array    0x08007db8        0x4 C:/ST/STM32CubeIDE_1.19.0/STM32CubeIDE/plugins/com.st.stm32cube.ide.mcu.externaltools.gnu-tools-for-stm32.13.3.rel1.win32_1.0.0.202411081344/tools/bin/../lib/gcc/arm-none-eabi/13.3.1/thumb/v6-m/nofp/crtbegin.o
                0x08007dbc                        PROVIDE (__init_array_end = .)
                0x08007dbc                        . = ALIGN (0x4)

.fini_array     0x08007dbc        0x4
                0x08007dbc                        . = ALIGN (0x4)
                [!provide]                        PROVIDE (__fini_array_start = .)
 *(SORT_BY_NAME(.fini_array.*))
 *(.fini_array*)
 .fini_array    0x08007dbc        0x4 C:/ST/STM32CubeIDE_1.19.0/STM32CubeIDE/plugins/com.st.stm32cube.ide.mcu.externaltools.gnu-tools-for-stm32.13.3.rel1.win32_1.0.0.202411081344/tools/bin/../lib/gcc/arm-none-eabi/13.3.1/thumb/v6-m/nofp/crtbegin.o
                [!provide]                        PROVIDE (__fini_array_end = .)
                0x08007dc0                        . = ALIGN (0x4)
                0x08007dc0                        _sidata = LOADADDR (.data)

.rel.dyn        0x08007dc0        0x0
 .rel.iplt      0x08007dc0        0x0 C:/ST/STM32CubeIDE_1.19.0/STM32CubeIDE/plugins/com.st.stm32cube.ide.mcu.externaltools.gnu-tools-for-stm32.13.3.rel1.win32_1.0.0.202411081344/tools/bin/../lib/gcc/arm-none-eabi/13.3.1/thumb/v6-m/nofp/crtbegin.o

.data           0x20000000       0x60 load address 0x08007dc0
                0x20000000                        . = ALIGN (0x4)
                0x20000000                        _sdata = .
 *(.data)
 .data          0x20000000        0xe C:\Users\embedded\AppData\Local\Temp\ccVKSB9F.ltrans0.ltrans.o
 *(.data*)
 *fill*         0x2000000e        0x2 
 .data._impure_ptr
                0x20000010        0x4 C:/ST/STM32CubeIDE_1.19.0/STM32CubeIDE/plugins/com.st.stm32cube.ide.mcu.externaltools.gnu-tools-for-stm32.13.3.rel1.win32_1.0.0.202411081344/tools/bin/../lib/gcc/arm-none-eabi/13.3.1/../../../../arm-none-eabi/lib/thumb/v6-m/nofp\libc_nano.a(libc_a-impure.o)
                0x20000010                _impure_ptr
 .data._impure_data
                0x20000014       0x4c C:/ST/STM32CubeIDE_1.19.0/STM32CubeIDE/plugins/com.st.stm32cube.ide.mcu.externaltools.gnu-tools-for-stm32.13.3.rel1.win32_1.0.0.202411081344/tools/bin/../lib/gcc/arm-none-eabi/13.3.1/../../../../arm-none-eabi/lib/thumb/v6-m/nofp\libc_nano.a(libc_a-impure.o)
                0x20000014                _impure_data
 *(.RamFunc)
 *(.RamFunc*)
                0x20000060                        . = ALIGN (0x4)
                0x20000060                        _edata = .

.igot.plt       0x20000060        0x0 load address 0x08007e20
 .igot.plt      0x20000060        0x0 C:/ST/STM32CubeIDE_1.19.0/STM32CubeIDE/plugins/com.st.stm32cube.ide.mcu.externaltools.gnu-tools-for-stm32.13.3.rel1.win32_1.0.0.202411081344/tools/bin/../lib/gcc/arm-none-eabi/13.3.1/thumb/v6-m/nofp/crtbegin.o
                0x20000060                        . = ALIGN (0x4)

.bss            0x20000060      0x994 load address 0x08007e20
                0x20000060                        _sbss = .
                0x20000060                        __bss_start__ = _sbss
 *(.bss)
 .bss           0x20000060       0x1c C:/ST/STM32CubeIDE_1.19.0/STM32CubeIDE/plugins/com.st.stm32cube.ide.mcu.externaltools.gnu-tools-for-stm32.13.3.rel1.win32_1.0.0.202411081344/tools/bin/../lib/gcc/arm-none-eabi/13.3.1/thumb/v6-m/nofp/crtbegin.o
 *fill*         0x2000007c        0x4 
 .bss           0x20000080      0x83c C:\Users\embedded\AppData\Local\Temp\ccVKSB9F.ltrans0.ltrans.o
 *(.bss*)
 .bss.__sf      0x200008bc      0x138 C:/ST/STM32CubeIDE_1.19.0/STM32CubeIDE/plugins/com.st.stm32cube.ide.mcu.externaltools.gnu-tools-for-stm32.13.3.rel1.win32_1.0.0.202411081344/tools/bin/../lib/gcc/arm-none-eabi/13.3.1/../../../../arm-none-eabi/lib/thumb/v6-m/nofp\libc_nano.a(libc_a-findfp.o)
                0x200008bc                __sf
 *(COMMON)
                0x200009f4                        . = ALIGN (0x4)
                0x200009f4                        _ebss = .
                0x200009f4                        __bss_end__ = _ebss

._user_heap_stack
                0x200009f4      0x604 load address 0x08007e20
                0x200009f8                        . = ALIGN (0x8)
 *fill*         0x200009f4        0x4 
                [!provide]                        PROVIDE (end = .)
                0x200009f8                        PROVIDE (_end = .)
                0x20000bf8                        . = (. + _Min_Heap_Size)
 *fill*         0x200009f8      0x200 
                0x20000ff8                        . = (. + _Min_Stack_Size)
 *fill*         0x20000bf8      0x400 
                0x20000ff8                        . = ALIGN (0x8)

/DISCARD/
 libc.a(*)
 libm.a(*)
 libgcc.a(*)

.ARM.attributes
                0x00000000       0x28
 *(.ARM.attributes)
 .ARM.attributes
                0x00000000       0x1e C:/ST/STM32CubeIDE_1.19.0/STM32CubeIDE/plugins/com.st.stm32cube.ide.mcu.externaltools.gnu-tools-for-stm32.13.3.rel1.win32_1.0.0.202411081344/tools/bin/../lib/gcc/arm-none-eabi/13.3.1/thumb/v6-m/nofp/crti.o
 .ARM.attributes
                0x0000001e       0x2c C:/ST/STM32CubeIDE_1.19.0/STM32CubeIDE/plugins/com.st.stm32cube.ide.mcu.externaltools.gnu-tools-for-stm32.13.3.rel1.win32_1.0.0.202411081344/tools/bin/../lib/gcc/arm-none-eabi/13.3.1/thumb/v6-m/nofp/crtbegin.o
 .ARM.attributes
                0x0000004a       0x2a C:\Users\embedded\AppData\Local\Temp\ccVKSB9F.ltrans0.ltrans.o
 .ARM.attributes
                0x00000074       0x21 ./Core/Startup/startup_stm32f030k6tx.o
 .ARM.attributes
                0x00000095       0x2c C:/ST/STM32CubeIDE_1.19.0/STM32CubeIDE/plugins/com.st.stm32cube.ide.mcu.externaltools.gnu-tools-for-stm32.13.3.rel1.win32_1.0.0.202411081344/tools/bin/../lib/gcc/arm-none-eabi/13.3.1/../../../../arm-none-eabi/lib/thumb/v6-m/nofp\libc_nano.a(libc_a-findfp.o)
 .ARM.attributes
                0x000000c1       0x2c C:/ST/STM32CubeIDE_1.19.0/STM32CubeIDE/plugins/com.st.stm32cube.ide.mcu.externaltools.gnu-tools-for-stm32.13.3.rel1.win32_1.0.0.202411081344/tools/bin/../lib/gcc/arm-none-eabi/13.3.1/../../../../arm-none-eabi/lib/thumb/v6-m/nofp\libc_nano.a(libc_a-memset.o)
 .ARM.attributes
                0x000000ed       0x2c C:/ST/STM32CubeIDE_1.19.0/STM32CubeIDE/plugins/com.st.stm32cube.ide.mcu.externaltools.gnu-tools-for-stm32.13.3.rel1.win32_1.0.0.202411081344/tools/bin/../lib/gcc/arm-none-eabi/13.3.1/../../../../arm-none-eabi/lib/thumb/v6-m/nofp\libc_nano.a(libc_a-impure.o)
 .ARM.attributes
                0x00000119       0x2c C:/ST/STM32CubeIDE_1.19.0/STM32CubeIDE/plugins/com.st.stm32cube.ide.mcu.externaltools.gnu-tools-for-stm32.13.3.rel1.win32_1.0.0.202411081344/tools/bin/../lib/gcc/arm-none-eabi/13.3.1/../../../../arm-none-eabi/lib/thumb/v6-m/nofp\libc_nano.a(libc_a-errno.o)
 .ARM.attributes
                0x00000145       0x2c C:/ST/STM32CubeIDE_1.19.0/STM32CubeIDE/plugins/com.st.stm32cube.ide.mcu.externaltools.gnu-tools-for-stm32.13.3.rel1.win32_1.0.0.202411081344/tools/bin/../lib/gcc/arm-none-eabi/13.3.1/../../../../arm-none-eabi/lib/thumb/v6-m/nofp\libc_nano.a(libc_a-init.o)
 .ARM.attributes
                0x00000171       0x2c C:/ST/STM32CubeIDE_1.19.0/STM32CubeIDE/plugins/com.st.stm32cube.ide.mcu.externaltools.gnu-tools-for-stm32.13.3.rel1.win32_1.0.0.202411081344/tools/bin/../lib/gcc/arm-none-eabi/13.3.1/../../../../arm-none-eabi/lib/thumb/v6-m/nofp\libc_nano.a(libc_a-memmove.o)
 .ARM.attributes
                0x0000019d       0x1c C:/ST/STM32CubeIDE_1.19.0/STM32CubeIDE/plugins/com.st.stm32cube.ide.mcu.externaltools.gnu-tools-for-stm32.13.3.rel1.win32_1.0.0.202411081344/tools/bin/../lib/gcc/arm-none-eabi/13.3.1/../../../../arm-none-eabi/lib/thumb/v6-m/nofp\libc_nano.a(libc_a-strcmp.o)
 .ARM.attributes
                0x000001b9       0x2c C:/ST/STM32CubeIDE_1.19.0/STM32CubeIDE/plugins/com.st.stm32cube.ide.mcu.externaltools.gnu-tools-for-stm32.13.3.rel1.win32_1.0.0.202411081344/tools/bin/../lib/gcc/arm-none-eabi/13.3.1/../../../../arm-none-eabi/lib/thumb/v6-m/nofp\libc_nano.a(libc_a-memcpy-stub.o)
 .ARM.attributes
                0x000001e5       0x1c C:/ST/STM32CubeIDE_1.19.0/STM32CubeIDE/plugins/com.st.stm32cube.ide.mcu.externaltools.gnu-tools-for-stm32.13.3.rel1.win32_1.0.0.202411081344/tools/bin/../lib/gcc/arm-none-eabi/13.3.1/../../../../arm-none-eabi/lib/thumb/v6-m/nofp\libc_nano.a(libc_a-strlen.o)
 .ARM.attributes
                0x00000201       0x1e C:/ST/STM32CubeIDE_1.19.0/STM32CubeIDE/plugins/com.st.stm32cube.ide.mcu.externaltools.gnu-tools-for-stm32.13.3.rel1.win32_1.0.0.202411081344/tools/bin/../lib/gcc/arm-none-eabi/13.3.1/thumb/v6-m/nofp\libgcc.a(_thumb1_case_uqi.o)
 .ARM.attributes
                0x0000021f       0x1e C:/ST/STM32CubeIDE_1.19.0/STM32CubeIDE/plugins/com.st.stm32cube.ide.mcu.externaltools.gnu-tools-for-stm32.13.3.rel1.win32_1.0.0.202411081344/tools/bin/../lib/gcc/arm-none-eabi/13.3.1/thumb/v6-m/nofp\libgcc.a(_thumb1_case_uhi.o)
 .ARM.attributes
                0x0000023d       0x1e C:/ST/STM32CubeIDE_1.19.0/STM32CubeIDE/plugins/com.st.stm32cube.ide.mcu.externaltools.gnu-tools-for-stm32.13.3.rel1.win32_1.0.0.202411081344/tools/bin/../lib/gcc/arm-none-eabi/13.3.1/thumb/v6-m/nofp\libgcc.a(_udivsi3.o)
 .ARM.attributes
                0x0000025b       0x1e C:/ST/STM32CubeIDE_1.19.0/STM32CubeIDE/plugins/com.st.stm32cube.ide.mcu.externaltools.gnu-tools-for-stm32.13.3.rel1.win32_1.0.0.202411081344/tools/bin/../lib/gcc/arm-none-eabi/13.3.1/thumb/v6-m/nofp\libgcc.a(_divsi3.o)
 .ARM.attributes
                0x00000279       0x1e C:/ST/STM32CubeIDE_1.19.0/STM32CubeIDE/plugins/com.st.stm32cube.ide.mcu.externaltools.gnu-tools-for-stm32.13.3.rel1.win32_1.0.0.202411081344/tools/bin/../lib/gcc/arm-none-eabi/13.3.1/thumb/v6-m/nofp\libgcc.a(_dvmd_tls.o)
 .ARM.attributes
                0x00000297       0x1e C:/ST/STM32CubeIDE_1.19.0/STM32CubeIDE/plugins/com.st.stm32cube.ide.mcu.externaltools.gnu-tools-for-stm32.13.3.rel1.win32_1.0.0.202411081344/tools/bin/../lib/gcc/arm-none-eabi/13.3.1/thumb/v6-m/nofp\libgcc.a(_aeabi_ldivmod.o)
 .ARM.attributes
                0x000002b5       0x2c C:/ST/STM32CubeIDE_1.19.0/STM32CubeIDE/plugins/com.st.stm32cube.ide.mcu.externaltools.gnu-tools-for-stm32.13.3.rel1.win32_1.0.0.202411081344/tools/bin/../lib/gcc/arm-none-eabi/13.3.1/thumb/v6-m/nofp\libgcc.a(_muldi3.o)
 .ARM.attributes
                0x000002e1       0x2c C:/ST/STM32CubeIDE_1.19.0/STM32CubeIDE/plugins/com.st.stm32cube.ide.mcu.externaltools.gnu-tools-for-stm32.13.3.rel1.win32_1.0.0.202411081344/tools/bin/../lib/gcc/arm-none-eabi/13.3.1/thumb/v6-m/nofp\libgcc.a(bpabi.o)
 .ARM.attributes
                0x0000030d       0x1e C:/ST/STM32CubeIDE_1.19.0/STM32CubeIDE/plugins/com.st.stm32cube.ide.mcu.externaltools.gnu-tools-for-stm32.13.3.rel1.win32_1.0.0.202411081344/tools/bin/../lib/gcc/arm-none-eabi/13.3.1/thumb/v6-m/nofp\libgcc.a(_clzdi2.o)
 .ARM.attributes
                0x0000032b       0x2c C:/ST/STM32CubeIDE_1.19.0/STM32CubeIDE/plugins/com.st.stm32cube.ide.mcu.externaltools.gnu-tools-for-stm32.13.3.rel1.win32_1.0.0.202411081344/tools/bin/../lib/gcc/arm-none-eabi/13.3.1/thumb/v6-m/nofp\libgcc.a(_divdi3.o)
 .ARM.attributes
                0x00000357       0x1e C:/ST/STM32CubeIDE_1.19.0/STM32CubeIDE/plugins/com.st.stm32cube.ide.mcu.externaltools.gnu-tools-for-stm32.13.3.rel1.win32_1.0.0.202411081344/tools/bin/../lib/gcc/arm-none-eabi/13.3.1/thumb/v6-m/nofp\libgcc.a(_clzsi2.o)
 .ARM.attributes
                0x00000375       0x1e C:/ST/STM32CubeIDE_1.19.0/STM32CubeIDE/plugins/com.st.stm32cube.ide.mcu.externaltools.gnu-tools-for-stm32.13.3.rel1.win32_1.0.0.202411081344/tools/bin/../lib/gcc/arm-none-eabi/13.3.1/thumb/v6-m/nofp/crtn.o
OUTPUT(water_bottle_1.elf elf32-littlearm)
LOAD linker stubs
LOAD C:/ST/STM32CubeIDE_1.19.0/STM32CubeIDE/plugins/com.st.stm32cube.ide.mcu.externaltools.gnu-tools-for-stm32.13.3.rel1.win32_1.0.0.202411081344/tools/bin/../lib/gcc/arm-none-eabi/13.3.1/../../../../arm-none-eabi/lib/thumb/v6-m/nofp\libc.a
LOAD C:/ST/STM32CubeIDE_1.19.0/STM32CubeIDE/plugins/com.st.stm32cube.ide.mcu.externaltools.gnu-tools-for-stm32.13.3.rel1.win32_1.0.0.202411081344/tools/bin/../lib/gcc/arm-none-eabi/13.3.1/../../../../arm-none-eabi/lib/thumb/v6-m/nofp\libm.a
LOAD C:/ST/STM32CubeIDE_1.19.0/STM32CubeIDE/plugins/com.st.stm32cube.ide.mcu.externaltools.gnu-tools-for-stm32.13.3.rel1.win32_1.0.0.202411081344/tools/bin/../lib/gcc/arm-none-eabi/13.3.1/thumb/v6-m/nofp\libgcc.a

.debug_info     0x00000000    0x2569e
 .debug_info    0x00000000     0xd35d C:\Users\embedded\AppData\Local\Temp\ccVKSB9F.ltrans0.ltrans.o
 .debug_info    0x0000d35d     0x3740 C:\Users\embedded\AppData\Local\Temp\ccSJ87gJ.debug.temp.o
                0x0000d35d                app_logic.c.ca8092e1
 .debug_info    0x00010a9d      0x9b2 C:\Users\embedded\AppData\Local\Temp\ccyxLcdk.debug.temp.o
                0x00010a9d                battery.c.a9ea9126
 .debug_info    0x0001144f      0xae1 C:\Users\embedded\AppData\Local\Temp\ccSRWf1U.debug.temp.o
                0x0001144f                ble_jdy29.c.ecdb1c45
 .debug_info    0x00011f30      0x6c9 C:\Users\embedded\AppData\Local\Temp\ccQMIJ9u.debug.temp.o
                0x00011f30                ble_protocol.c.5facba14
 .debug_info    0x000125f9      0x8b1 C:\Users\embedded\AppData\Local\Temp\ccurLlrZ.debug.temp.o
                0x000125f9                buzzer.c.1eeec5d7
 .debug_info    0x00012eaa      0x899 C:\Users\embedded\AppData\Local\Temp\cc4HYmAE.debug.temp.o
                0x00012eaa                data_storage.c.6a2c13db
 .debug_info    0x00013743      0x465 C:\Users\embedded\AppData\Local\Temp\ccSXXIIi.debug.temp.o
                0x00013743                device_state.c.f392b79b
 .debug_info    0x00013ba8      0x9a6 C:\Users\embedded\AppData\Local\Temp\ccUoxY6H.debug.temp.o
                0x00013ba8                ee_store.c.c90ec4be
 .debug_info    0x0001454e      0x546 C:\Users\embedded\AppData\Local\Temp\ccCN8Upo.debug.temp.o
                0x0001454e                hx711.c.ee903587
 .debug_info    0x00014a94     0x1929 C:\Users\embedded\AppData\Local\Temp\ccYwwYX8.debug.temp.o
                0x00014a94                main.c.6ddcaa22
 .debug_info    0x000163bd      0x7a5 C:\Users\embedded\AppData\Local\Temp\ccyJtA7S.debug.temp.o
                0x000163bd                ntc_temp.c.75820051
 .debug_info    0x00016b62      0xa93 C:\Users\embedded\AppData\Local\Temp\ccKTPCfC.debug.temp.o
                0x00016b62                rtc_manager.c.37242cd6
 .debug_info    0x000175f5     0x1364 C:\Users\embedded\AppData\Local\Temp\cc0N0f1T.debug.temp.o
                0x000175f5                stm32f0xx_hal_msp.c.67fc09cb
 .debug_info    0x00018959      0x8f6 C:\Users\embedded\AppData\Local\Temp\ccwsTfuF.debug.temp.o
                0x00018959                stm32f0xx_it.c.c36017c2
 .debug_info    0x0001924f      0x584 C:\Users\embedded\AppData\Local\Temp\ccC5lDPq.debug.temp.o
                0x0001924f                syscalls.c.2219a6e3
 .debug_info    0x000197d3      0x144 C:\Users\embedded\AppData\Local\Temp\ccSjdNlg.debug.temp.o
                0x000197d3                sysmem.c.069f431d
 .debug_info    0x00019917      0x208 C:\Users\embedded\AppData\Local\Temp\ccwqSrk4.debug.temp.o
                0x00019917                system_stm32f0xx.c.5c0fa355
 .debug_info    0x00019b1f      0x9e6 C:\Users\embedded\AppData\Local\Temp\cc0xgYZR.debug.temp.o
                0x00019b1f                tds_sensor.c.cc8f2046
 .debug_info    0x0001a505      0xb34 C:\Users\embedded\AppData\Local\Temp\ccCRefNJ.debug.temp.o
                0x0001a505                ws2812b.c.1268e935
 .debug_info    0x0001b039      0x53d C:\Users\embedded\AppData\Local\Temp\ccavCj8z.debug.temp.o
                0x0001b039                stm32f0xx_hal.c.09a0d9da
 .debug_info    0x0001b576      0xaa8 C:\Users\embedded\AppData\Local\Temp\cced02Kp.debug.temp.o
                0x0001b576                stm32f0xx_hal_adc.c.dfbf60be
 .debug_info    0x0001c01e      0x559 C:\Users\embedded\AppData\Local\Temp\ccmhOIxj.debug.temp.o
                0x0001c01e                stm32f0xx_hal_adc_ex.c.b38eb596
 .debug_info    0x0001c577      0x51a C:\Users\embedded\AppData\Local\Temp\ccGVV69c.debug.temp.o
                0x0001c577                stm32f0xx_hal_cortex.c.c69d2d14
 .debug_info    0x0001ca91      0x5fa C:\Users\embedded\AppData\Local\Temp\ccSbPWZ5.debug.temp.o
                0x0001ca91                stm32f0xx_hal_dma.c.af7f9fda
 .debug_info    0x0001d08b      0x425 C:\Users\embedded\AppData\Local\Temp\cc01Xu1X.debug.temp.o
                0x0001d08b                stm32f0xx_hal_flash.c.757f0756
 .debug_info    0x0001d4b0      0x5c0 C:\Users\embedded\AppData\Local\Temp\cccoyRpT.debug.temp.o
                0x0001d4b0                stm32f0xx_hal_flash_ex.c.a6061fff
 .debug_info    0x0001da70      0x51c C:\Users\embedded\AppData\Local\Temp\ccY4pKYN.debug.temp.o
                0x0001da70                stm32f0xx_hal_gpio.c.6d9a0353
 .debug_info    0x0001df8c     0x1a0b C:\Users\embedded\AppData\Local\Temp\ccOH4ZDM.debug.temp.o
                0x0001df8c                stm32f0xx_hal_i2c.c.260d24ed
 .debug_info    0x0001f997      0x786 C:\Users\embedded\AppData\Local\Temp\ccGtvm5J.debug.temp.o
                0x0001f997                stm32f0xx_hal_i2c_ex.c.96a9afa6
 .debug_info    0x0002011d      0x74a C:\Users\embedded\AppData\Local\Temp\ccKHJQMJ.debug.temp.o
                0x0002011d                stm32f0xx_hal_rcc.c.2e469fc3
 .debug_info    0x00020867      0x30c C:\Users\embedded\AppData\Local\Temp\ccGjOCbJ.debug.temp.o
                0x00020867                stm32f0xx_hal_rcc_ex.c.97affc97
 .debug_info    0x00020b73     0x20db C:\Users\embedded\AppData\Local\Temp\cco8IcnM.debug.temp.o
                0x00020b73                stm32f0xx_hal_tim.c.521c9eb5
 .debug_info    0x00022c4e     0x1177 C:\Users\embedded\AppData\Local\Temp\ccgqyT6O.debug.temp.o
                0x00022c4e                stm32f0xx_hal_tim_ex.c.29c6ad0f
 .debug_info    0x00023dc5     0x18a9 C:\Users\embedded\AppData\Local\Temp\ccQiRF1Q.debug.temp.o
                0x00023dc5                stm32f0xx_hal_uart.c.ad3272ca
 .debug_info    0x0002566e       0x30 ./Core/Startup/startup_stm32f030k6tx.o

.debug_abbrev   0x00000000     0x3f86
 .debug_abbrev  0x00000000      0x33f C:\Users\embedded\AppData\Local\Temp\ccVKSB9F.ltrans0.ltrans.o
 .debug_abbrev  0x0000033f      0x355 C:\Users\embedded\AppData\Local\Temp\ccSJ87gJ.debug.temp.o
 .debug_abbrev  0x00000694      0x18d C:\Users\embedded\AppData\Local\Temp\ccyxLcdk.debug.temp.o
 .debug_abbrev  0x00000821      0x1f6 C:\Users\embedded\AppData\Local\Temp\ccSRWf1U.debug.temp.o
 .debug_abbrev  0x00000a17      0x117 C:\Users\embedded\AppData\Local\Temp\ccQMIJ9u.debug.temp.o
 .debug_abbrev  0x00000b2e      0x1fe C:\Users\embedded\AppData\Local\Temp\ccurLlrZ.debug.temp.o
 .debug_abbrev  0x00000d2c      0x1e2 C:\Users\embedded\AppData\Local\Temp\cc4HYmAE.debug.temp.o
 .debug_abbrev  0x00000f0e      0x19b C:\Users\embedded\AppData\Local\Temp\ccSXXIIi.debug.temp.o
 .debug_abbrev  0x000010a9      0x219 C:\Users\embedded\AppData\Local\Temp\ccUoxY6H.debug.temp.o
 .debug_abbrev  0x000012c2      0x201 C:\Users\embedded\AppData\Local\Temp\ccCN8Upo.debug.temp.o
 .debug_abbrev  0x000014c3      0x2aa C:\Users\embedded\AppData\Local\Temp\ccYwwYX8.debug.temp.o
 .debug_abbrev  0x0000176d      0x1a0 C:\Users\embedded\AppData\Local\Temp\ccyJtA7S.debug.temp.o
 .debug_abbrev  0x0000190d      0x1fb C:\Users\embedded\AppData\Local\Temp\ccKTPCfC.debug.temp.o
 .debug_abbrev  0x00001b08      0x23d C:\Users\embedded\AppData\Local\Temp\cc0N0f1T.debug.temp.o
 .debug_abbrev  0x00001d45      0x170 C:\Users\embedded\AppData\Local\Temp\ccwsTfuF.debug.temp.o
 .debug_abbrev  0x00001eb5      0x152 C:\Users\embedded\AppData\Local\Temp\ccC5lDPq.debug.temp.o
 .debug_abbrev  0x00002007       0xac C:\Users\embedded\AppData\Local\Temp\ccSjdNlg.debug.temp.o
 .debug_abbrev  0x000020b3      0x102 C:\Users\embedded\AppData\Local\Temp\ccwqSrk4.debug.temp.o
 .debug_abbrev  0x000021b5      0x19c C:\Users\embedded\AppData\Local\Temp\cc0xgYZR.debug.temp.o
 .debug_abbrev  0x00002351      0x280 C:\Users\embedded\AppData\Local\Temp\ccCRefNJ.debug.temp.o
 .debug_abbrev  0x000025d1      0x207 C:\Users\embedded\AppData\Local\Temp\ccavCj8z.debug.temp.o
 .debug_abbrev  0x000027d8      0x1a5 C:\Users\embedded\AppData\Local\Temp\cced02Kp.debug.temp.o
 .debug_abbrev  0x0000297d      0x128 C:\Users\embedded\AppData\Local\Temp\ccmhOIxj.debug.temp.o
 .debug_abbrev  0x00002aa5      0x1d9 C:\Users\embedded\AppData\Local\Temp\ccGVV69c.debug.temp.o
 .debug_abbrev  0x00002c7e      0x185 C:\Users\embedded\AppData\Local\Temp\ccSbPWZ5.debug.temp.o
 .debug_abbrev  0x00002e03      0x196 C:\Users\embedded\AppData\Local\Temp\cc01Xu1X.debug.temp.o
 .debug_abbrev  0x00002f99      0x183 C:\Users\embedded\AppData\Local\Temp\cccoyRpT.debug.temp.o
 .debug_abbrev  0x0000311c      0x181 C:\Users\embedded\AppData\Local\Temp\ccY4pKYN.debug.temp.o
 .debug_abbrev  0x0000329d      0x1e6 C:\Users\embedded\AppData\Local\Temp\ccOH4ZDM.debug.temp.o
 .debug_abbrev  0x00003483      0x1ac C:\Users\embedded\AppData\Local\Temp\ccGtvm5J.debug.temp.o
 .debug_abbrev  0x0000362f      0x208 C:\Users\embedded\AppData\Local\Temp\ccKHJQMJ.debug.temp.o
 .debug_abbrev  0x00003837      0x147 C:\Users\embedded\AppData\Local\Temp\ccGjOCbJ.debug.temp.o
 .debug_abbrev  0x0000397e      0x203 C:\Users\embedded\AppData\Local\Temp\cco8IcnM.debug.temp.o
 .debug_abbrev  0x00003b81      0x213 C:\Users\embedded\AppData\Local\Temp\ccgqyT6O.debug.temp.o
 .debug_abbrev  0x00003d94      0x1ce C:\Users\embedded\AppData\Local\Temp\ccQiRF1Q.debug.temp.o
 .debug_abbrev  0x00003f62       0x24 ./Core/Startup/startup_stm32f030k6tx.o

.debug_loclists
                0x00000000     0x83e3
 .debug_loclists
                0x00000000     0x83e3 C:\Users\embedded\AppData\Local\Temp\ccVKSB9F.ltrans0.ltrans.o

.debug_aranges  0x00000000       0x50
 .debug_aranges
                0x00000000       0x28 C:\Users\embedded\AppData\Local\Temp\ccVKSB9F.ltrans0.ltrans.o
 .debug_aranges
                0x00000028       0x28 ./Core/Startup/startup_stm32f030k6tx.o

.debug_rnglists
                0x00000000     0x13a5
 .debug_rnglists
                0x00000000     0x138c C:\Users\embedded\AppData\Local\Temp\ccVKSB9F.ltrans0.ltrans.o
 .debug_rnglists
                0x0000138c       0x19 ./Core/Startup/startup_stm32f030k6tx.o

.debug_line     0x00000000     0xd5c3
 .debug_line    0x00000000     0xab90 C:\Users\embedded\AppData\Local\Temp\ccVKSB9F.ltrans0.ltrans.o
 .debug_line    0x0000ab90      0x1b1 C:\Users\embedded\AppData\Local\Temp\ccSJ87gJ.debug.temp.o
 .debug_line    0x0000ad41      0x12b C:\Users\embedded\AppData\Local\Temp\ccyxLcdk.debug.temp.o
 .debug_line    0x0000ae6c      0x17a C:\Users\embedded\AppData\Local\Temp\ccSRWf1U.debug.temp.o
 .debug_line    0x0000afe6      0x175 C:\Users\embedded\AppData\Local\Temp\ccQMIJ9u.debug.temp.o
 .debug_line    0x0000b15b      0x126 C:\Users\embedded\AppData\Local\Temp\ccurLlrZ.debug.temp.o
 .debug_line    0x0000b281      0x175 C:\Users\embedded\AppData\Local\Temp\cc4HYmAE.debug.temp.o
 .debug_line    0x0000b3f6      0x17a C:\Users\embedded\AppData\Local\Temp\ccSXXIIi.debug.temp.o
 .debug_line    0x0000b570      0x170 C:\Users\embedded\AppData\Local\Temp\ccUoxY6H.debug.temp.o
 .debug_line    0x0000b6e0      0x12b C:\Users\embedded\AppData\Local\Temp\ccCN8Upo.debug.temp.o
 .debug_line    0x0000b80b      0x1b6 C:\Users\embedded\AppData\Local\Temp\ccYwwYX8.debug.temp.o
 .debug_line    0x0000b9c1      0x126 C:\Users\embedded\AppData\Local\Temp\ccyJtA7S.debug.temp.o
 .debug_line    0x0000bae7      0x170 C:\Users\embedded\AppData\Local\Temp\ccKTPCfC.debug.temp.o
 .debug_line    0x0000bc57      0x126 C:\Users\embedded\AppData\Local\Temp\cc0N0f1T.debug.temp.o
 .debug_line    0x0000bd7d      0x12b C:\Users\embedded\AppData\Local\Temp\ccwsTfuF.debug.temp.o
 .debug_line    0x0000bea8      0x134 C:\Users\embedded\AppData\Local\Temp\ccC5lDPq.debug.temp.o
 .debug_line    0x0000bfdc       0xb2 C:\Users\embedded\AppData\Local\Temp\ccSjdNlg.debug.temp.o
 .debug_line    0x0000c08e      0x121 C:\Users\embedded\AppData\Local\Temp\ccwqSrk4.debug.temp.o
 .debug_line    0x0000c1af      0x12b C:\Users\embedded\AppData\Local\Temp\cc0xgYZR.debug.temp.o
 .debug_line    0x0000c2da      0x17f C:\Users\embedded\AppData\Local\Temp\ccCRefNJ.debug.temp.o
 .debug_line    0x0000c459      0x121 C:\Users\embedded\AppData\Local\Temp\ccavCj8z.debug.temp.o
 .debug_line    0x0000c57a      0x121 C:\Users\embedded\AppData\Local\Temp\cced02Kp.debug.temp.o
 .debug_line    0x0000c69b      0x121 C:\Users\embedded\AppData\Local\Temp\ccmhOIxj.debug.temp.o
 .debug_line    0x0000c7bc      0x121 C:\Users\embedded\AppData\Local\Temp\ccGVV69c.debug.temp.o
 .debug_line    0x0000c8dd      0x121 C:\Users\embedded\AppData\Local\Temp\ccSbPWZ5.debug.temp.o
 .debug_line    0x0000c9fe      0x121 C:\Users\embedded\AppData\Local\Temp\cc01Xu1X.debug.temp.o
 .debug_line    0x0000cb1f      0x121 C:\Users\embedded\AppData\Local\Temp\cccoyRpT.debug.temp.o
 .debug_line    0x0000cc40      0x121 C:\Users\embedded\AppData\Local\Temp\ccY4pKYN.debug.temp.o
 .debug_line    0x0000cd61      0x121 C:\Users\embedded\AppData\Local\Temp\ccOH4ZDM.debug.temp.o
 .debug_line    0x0000ce82      0x121 C:\Users\embedded\AppData\Local\Temp\ccGtvm5J.debug.temp.o
 .debug_line    0x0000cfa3      0x121 C:\Users\embedded\AppData\Local\Temp\ccKHJQMJ.debug.temp.o
 .debug_line    0x0000d0c4      0x121 C:\Users\embedded\AppData\Local\Temp\ccGjOCbJ.debug.temp.o
 .debug_line    0x0000d1e5      0x121 C:\Users\embedded\AppData\Local\Temp\cco8IcnM.debug.temp.o
 .debug_line    0x0000d306      0x121 C:\Users\embedded\AppData\Local\Temp\ccgqyT6O.debug.temp.o
 .debug_line    0x0000d427      0x121 C:\Users\embedded\AppData\Local\Temp\ccQiRF1Q.debug.temp.o
 .debug_line    0x0000d548       0x7b ./Core/Startup/startup_stm32f030k6tx.o

.debug_str      0x00000000    0x6d9c1
 .debug_str     0x00000000      0x1b7 C:\Users\embedded\AppData\Local\Temp\ccVKSB9F.ltrans0.ltrans.o
 .debug_str     0x00000000    0x6630b C:\Users\embedded\AppData\Local\Temp\ccSJ87gJ.debug.temp.o
 .debug_str     0x00000000    0x6027e C:\Users\embedded\AppData\Local\Temp\ccyxLcdk.debug.temp.o
 .debug_str     0x00000000    0x639d3 C:\Users\embedded\AppData\Local\Temp\ccSRWf1U.debug.temp.o
 .debug_str     0x00000000    0x63388 C:\Users\embedded\AppData\Local\Temp\ccQMIJ9u.debug.temp.o
 .debug_str     0x00000000    0x600ec C:\Users\embedded\AppData\Local\Temp\ccurLlrZ.debug.temp.o
 .debug_str     0x00000000    0x633ed C:\Users\embedded\AppData\Local\Temp\cc4HYmAE.debug.temp.o
 .debug_str     0x00000000    0x6329a C:\Users\embedded\AppData\Local\Temp\ccSXXIIi.debug.temp.o
 .debug_str     0x00000000    0x6320d C:\Users\embedded\AppData\Local\Temp\ccUoxY6H.debug.temp.o
 .debug_str     0x00000000    0x6006a C:\Users\embedded\AppData\Local\Temp\ccCN8Upo.debug.temp.o
 .debug_str     0x00000000    0x6520b C:\Users\embedded\AppData\Local\Temp\ccYwwYX8.debug.temp.o
 .debug_str     0x00000000    0x5fee4 C:\Users\embedded\AppData\Local\Temp\ccyJtA7S.debug.temp.o
 .debug_str     0x00000000    0x63289 C:\Users\embedded\AppData\Local\Temp\ccKTPCfC.debug.temp.o
 .debug_str     0x00000000    0x60a7d C:\Users\embedded\AppData\Local\Temp\cc0N0f1T.debug.temp.o
 .debug_str     0x00000000    0x602a8 C:\Users\embedded\AppData\Local\Temp\ccwsTfuF.debug.temp.o
 .debug_str     0x00000000     0x98d7 C:\Users\embedded\AppData\Local\Temp\ccC5lDPq.debug.temp.o
 .debug_str     0x00000000     0x7675 C:\Users\embedded\AppData\Local\Temp\ccSjdNlg.debug.temp.o
 .debug_str     0x00000000    0x5f977 C:\Users\embedded\AppData\Local\Temp\ccwqSrk4.debug.temp.o
 .debug_str     0x00000000    0x60292 C:\Users\embedded\AppData\Local\Temp\cc0xgYZR.debug.temp.o
 .debug_str     0x00000000    0x636ba C:\Users\embedded\AppData\Local\Temp\ccCRefNJ.debug.temp.o
 .debug_str     0x00000000    0x5fed6 C:\Users\embedded\AppData\Local\Temp\ccavCj8z.debug.temp.o
 .debug_str     0x00000000    0x60084 C:\Users\embedded\AppData\Local\Temp\cced02Kp.debug.temp.o
 .debug_str     0x00000000    0x5fcfe C:\Users\embedded\AppData\Local\Temp\ccmhOIxj.debug.temp.o
 .debug_str     0x00000000    0x5fcc7 C:\Users\embedded\AppData\Local\Temp\ccGVV69c.debug.temp.o
 .debug_str     0x00000000    0x5fd1d C:\Users\embedded\AppData\Local\Temp\ccSbPWZ5.debug.temp.o
 .debug_str     0x00000000    0x5fc22 C:\Users\embedded\AppData\Local\Temp\cc01Xu1X.debug.temp.o
 .debug_str     0x00000000    0x5fd74 C:\Users\embedded\AppData\Local\Temp\cccoyRpT.debug.temp.o
 .debug_str     0x00000000    0x5fb18 C:\Users\embedded\AppData\Local\Temp\ccY4pKYN.debug.temp.o
 .debug_str     0x00000000    0x60cd5 C:\Users\embedded\AppData\Local\Temp\ccOH4ZDM.debug.temp.o
 .debug_str     0x00000000    0x5fea6 C:\Users\embedded\AppData\Local\Temp\ccGtvm5J.debug.temp.o
 .debug_str     0x00000000    0x5fdb3 C:\Users\embedded\AppData\Local\Temp\ccKHJQMJ.debug.temp.o
 .debug_str     0x00000000    0x5fac0 C:\Users\embedded\AppData\Local\Temp\ccGjOCbJ.debug.temp.o
 .debug_str     0x00000000    0x60d8d C:\Users\embedded\AppData\Local\Temp\cco8IcnM.debug.temp.o
 .debug_str     0x00000000    0x60599 C:\Users\embedded\AppData\Local\Temp\ccgqyT6O.debug.temp.o
 .debug_str     0x00000000    0x60690 C:\Users\embedded\AppData\Local\Temp\ccQiRF1Q.debug.temp.o
 .debug_str     0x00000000    0x6d9c1 ./Core/Startup/startup_stm32f030k6tx.o
                                 0x66 (size before relaxing)

.comment        0x00000000       0x43
 .comment       0x00000000       0x43 C:\Users\embedded\AppData\Local\Temp\ccVKSB9F.ltrans0.ltrans.o
                                 0x44 (size before relaxing)

.debug_frame    0x00000000     0x1048
 .debug_frame   0x00000000      0xd4c C:\Users\embedded\AppData\Local\Temp\ccVKSB9F.ltrans0.ltrans.o
 .debug_frame   0x00000d4c      0x138 C:/ST/STM32CubeIDE_1.19.0/STM32CubeIDE/plugins/com.st.stm32cube.ide.mcu.externaltools.gnu-tools-for-stm32.13.3.rel1.win32_1.0.0.202411081344/tools/bin/../lib/gcc/arm-none-eabi/13.3.1/../../../../arm-none-eabi/lib/thumb/v6-m/nofp\libc_nano.a(libc_a-findfp.o)
 .debug_frame   0x00000e84       0x20 C:/ST/STM32CubeIDE_1.19.0/STM32CubeIDE/plugins/com.st.stm32cube.ide.mcu.externaltools.gnu-tools-for-stm32.13.3.rel1.win32_1.0.0.202411081344/tools/bin/../lib/gcc/arm-none-eabi/13.3.1/../../../../arm-none-eabi/lib/thumb/v6-m/nofp\libc_nano.a(libc_a-memset.o)
 .debug_frame   0x00000ea4       0x20 C:/ST/STM32CubeIDE_1.19.0/STM32CubeIDE/plugins/com.st.stm32cube.ide.mcu.externaltools.gnu-tools-for-stm32.13.3.rel1.win32_1.0.0.202411081344/tools/bin/../lib/gcc/arm-none-eabi/13.3.1/../../../../arm-none-eabi/lib/thumb/v6-m/nofp\libc_nano.a(libc_a-errno.o)
 .debug_frame   0x00000ec4       0x2c C:/ST/STM32CubeIDE_1.19.0/STM32CubeIDE/plugins/com.st.stm32cube.ide.mcu.externaltools.gnu-tools-for-stm32.13.3.rel1.win32_1.0.0.202411081344/tools/bin/../lib/gcc/arm-none-eabi/13.3.1/../../../../arm-none-eabi/lib/thumb/v6-m/nofp\libc_nano.a(libc_a-init.o)
 .debug_frame   0x00000ef0       0x28 C:/ST/STM32CubeIDE_1.19.0/STM32CubeIDE/plugins/com.st.stm32cube.ide.mcu.externaltools.gnu-tools-for-stm32.13.3.rel1.win32_1.0.0.202411081344/tools/bin/../lib/gcc/arm-none-eabi/13.3.1/../../../../arm-none-eabi/lib/thumb/v6-m/nofp\libc_nano.a(libc_a-memmove.o)
 .debug_frame   0x00000f18       0x20 C:/ST/STM32CubeIDE_1.19.0/STM32CubeIDE/plugins/com.st.stm32cube.ide.mcu.externaltools.gnu-tools-for-stm32.13.3.rel1.win32_1.0.0.202411081344/tools/bin/../lib/gcc/arm-none-eabi/13.3.1/../../../../arm-none-eabi/lib/thumb/v6-m/nofp\libc_nano.a(libc_a-strcmp.o)
 .debug_frame   0x00000f38       0x28 C:/ST/STM32CubeIDE_1.19.0/STM32CubeIDE/plugins/com.st.stm32cube.ide.mcu.externaltools.gnu-tools-for-stm32.13.3.rel1.win32_1.0.0.202411081344/tools/bin/../lib/gcc/arm-none-eabi/13.3.1/../../../../arm-none-eabi/lib/thumb/v6-m/nofp\libc_nano.a(libc_a-memcpy-stub.o)
 .debug_frame   0x00000f60       0x20 C:/ST/STM32CubeIDE_1.19.0/STM32CubeIDE/plugins/com.st.stm32cube.ide.mcu.externaltools.gnu-tools-for-stm32.13.3.rel1.win32_1.0.0.202411081344/tools/bin/../lib/gcc/arm-none-eabi/13.3.1/thumb/v6-m/nofp\libgcc.a(_udivsi3.o)
 .debug_frame   0x00000f80       0x20 C:/ST/STM32CubeIDE_1.19.0/STM32CubeIDE/plugins/com.st.stm32cube.ide.mcu.externaltools.gnu-tools-for-stm32.13.3.rel1.win32_1.0.0.202411081344/tools/bin/../lib/gcc/arm-none-eabi/13.3.1/thumb/v6-m/nofp\libgcc.a(_divsi3.o)
 .debug_frame   0x00000fa0       0x34 C:/ST/STM32CubeIDE_1.19.0/STM32CubeIDE/plugins/com.st.stm32cube.ide.mcu.externaltools.gnu-tools-for-stm32.13.3.rel1.win32_1.0.0.202411081344/tools/bin/../lib/gcc/arm-none-eabi/13.3.1/thumb/v6-m/nofp\libgcc.a(_muldi3.o)
 .debug_frame   0x00000fd4       0x38 C:/ST/STM32CubeIDE_1.19.0/STM32CubeIDE/plugins/com.st.stm32cube.ide.mcu.externaltools.gnu-tools-for-stm32.13.3.rel1.win32_1.0.0.202411081344/tools/bin/../lib/gcc/arm-none-eabi/13.3.1/thumb/v6-m/nofp\libgcc.a(bpabi.o)
 .debug_frame   0x0000100c       0x3c C:/ST/STM32CubeIDE_1.19.0/STM32CubeIDE/plugins/com.st.stm32cube.ide.mcu.externaltools.gnu-tools-for-stm32.13.3.rel1.win32_1.0.0.202411081344/tools/bin/../lib/gcc/arm-none-eabi/13.3.1/thumb/v6-m/nofp\libgcc.a(_divdi3.o)

.debug_macro    0x00000000    0x14d42
 .debug_macro   0x00000000      0x372 C:\Users\embedded\AppData\Local\Temp\ccSJ87gJ.debug.temp.o
 .debug_macro   0x00000372      0xab4 C:\Users\embedded\AppData\Local\Temp\ccSJ87gJ.debug.temp.o
 .debug_macro   0x00000e26      0x139 C:\Users\embedded\AppData\Local\Temp\ccSJ87gJ.debug.temp.o
 .debug_macro   0x00000f5f       0x2e C:\Users\embedded\AppData\Local\Temp\ccSJ87gJ.debug.temp.o
 .debug_macro   0x00000f8d       0x22 C:\Users\embedded\AppData\Local\Temp\ccSJ87gJ.debug.temp.o
 .debug_macro   0x00000faf       0x22 C:\Users\embedded\AppData\Local\Temp\ccSJ87gJ.debug.temp.o
 .debug_macro   0x00000fd1       0x8e C:\Users\embedded\AppData\Local\Temp\ccSJ87gJ.debug.temp.o
 .debug_macro   0x0000105f       0x51 C:\Users\embedded\AppData\Local\Temp\ccSJ87gJ.debug.temp.o
 .debug_macro   0x000010b0      0x103 C:\Users\embedded\AppData\Local\Temp\ccSJ87gJ.debug.temp.o
 .debug_macro   0x000011b3       0x6a C:\Users\embedded\AppData\Local\Temp\ccSJ87gJ.debug.temp.o
 .debug_macro   0x0000121d      0x1df C:\Users\embedded\AppData\Local\Temp\ccSJ87gJ.debug.temp.o
 .debug_macro   0x000013fc       0x1c C:\Users\embedded\AppData\Local\Temp\ccSJ87gJ.debug.temp.o
 .debug_macro   0x00001418       0x22 C:\Users\embedded\AppData\Local\Temp\ccSJ87gJ.debug.temp.o
 .debug_macro   0x0000143a       0xaf C:\Users\embedded\AppData\Local\Temp\ccSJ87gJ.debug.temp.o
 .debug_macro   0x000014e9      0x391 C:\Users\embedded\AppData\Local\Temp\ccSJ87gJ.debug.temp.o
 .debug_macro   0x0000187a     0x6e6e C:\Users\embedded\AppData\Local\Temp\ccSJ87gJ.debug.temp.o
 .debug_macro   0x000086e8       0x66 C:\Users\embedded\AppData\Local\Temp\ccSJ87gJ.debug.temp.o
 .debug_macro   0x0000874e     0x34da C:\Users\embedded\AppData\Local\Temp\ccSJ87gJ.debug.temp.o
 .debug_macro   0x0000bc28      0x190 C:\Users\embedded\AppData\Local\Temp\ccSJ87gJ.debug.temp.o
 .debug_macro   0x0000bdb8       0x55 C:\Users\embedded\AppData\Local\Temp\ccSJ87gJ.debug.temp.o
 .debug_macro   0x0000be0d      0x924 C:\Users\embedded\AppData\Local\Temp\ccSJ87gJ.debug.temp.o
 .debug_macro   0x0000c731       0xe5 C:\Users\embedded\AppData\Local\Temp\ccSJ87gJ.debug.temp.o
 .debug_macro   0x0000c816      0x1ae C:\Users\embedded\AppData\Local\Temp\ccSJ87gJ.debug.temp.o
 .debug_macro   0x0000c9c4       0xb3 C:\Users\embedded\AppData\Local\Temp\ccSJ87gJ.debug.temp.o
 .debug_macro   0x0000ca77      0x1a0 C:\Users\embedded\AppData\Local\Temp\ccSJ87gJ.debug.temp.o
 .debug_macro   0x0000cc17      0x1ed C:\Users\embedded\AppData\Local\Temp\ccSJ87gJ.debug.temp.o
 .debug_macro   0x0000ce04       0x34 C:\Users\embedded\AppData\Local\Temp\ccSJ87gJ.debug.temp.o
 .debug_macro   0x0000ce38       0x43 C:\Users\embedded\AppData\Local\Temp\ccSJ87gJ.debug.temp.o
 .debug_macro   0x0000ce7b       0x28 C:\Users\embedded\AppData\Local\Temp\ccSJ87gJ.debug.temp.o
 .debug_macro   0x0000cea3      0x33d C:\Users\embedded\AppData\Local\Temp\ccSJ87gJ.debug.temp.o
 .debug_macro   0x0000d1e0       0xbc C:\Users\embedded\AppData\Local\Temp\ccSJ87gJ.debug.temp.o
 .debug_macro   0x0000d29c       0xb0 C:\Users\embedded\AppData\Local\Temp\ccSJ87gJ.debug.temp.o
 .debug_macro   0x0000d34c      0x15a C:\Users\embedded\AppData\Local\Temp\ccSJ87gJ.debug.temp.o
 .debug_macro   0x0000d4a6      0x22c C:\Users\embedded\AppData\Local\Temp\ccSJ87gJ.debug.temp.o
 .debug_macro   0x0000d6d2       0x61 C:\Users\embedded\AppData\Local\Temp\ccSJ87gJ.debug.temp.o
 .debug_macro   0x0000d733       0xa5 C:\Users\embedded\AppData\Local\Temp\ccSJ87gJ.debug.temp.o
 .debug_macro   0x0000d7d8       0x4c C:\Users\embedded\AppData\Local\Temp\ccSJ87gJ.debug.temp.o
 .debug_macro   0x0000d824       0x2b C:\Users\embedded\AppData\Local\Temp\ccSJ87gJ.debug.temp.o
 .debug_macro   0x0000d84f      0x8f4 C:\Users\embedded\AppData\Local\Temp\ccSJ87gJ.debug.temp.o
 .debug_macro   0x0000e143       0x28 C:\Users\embedded\AppData\Local\Temp\ccSJ87gJ.debug.temp.o
 .debug_macro   0x0000e16b      0x56d C:\Users\embedded\AppData\Local\Temp\ccSJ87gJ.debug.temp.o
 .debug_macro   0x0000e6d8       0x3e C:\Users\embedded\AppData\Local\Temp\ccSJ87gJ.debug.temp.o
 .debug_macro   0x0000e716       0xf1 C:\Users\embedded\AppData\Local\Temp\ccSJ87gJ.debug.temp.o
 .debug_macro   0x0000e807      0x14e C:\Users\embedded\AppData\Local\Temp\ccSJ87gJ.debug.temp.o
 .debug_macro   0x0000e955       0xa0 C:\Users\embedded\AppData\Local\Temp\ccSJ87gJ.debug.temp.o
 .debug_macro   0x0000e9f5       0xc4 C:\Users\embedded\AppData\Local\Temp\ccSJ87gJ.debug.temp.o
 .debug_macro   0x0000eab9       0x64 C:\Users\embedded\AppData\Local\Temp\ccSJ87gJ.debug.temp.o
 .debug_macro   0x0000eb1d       0x3a C:\Users\embedded\AppData\Local\Temp\ccSJ87gJ.debug.temp.o
 .debug_macro   0x0000eb57       0x16 C:\Users\embedded\AppData\Local\Temp\ccSJ87gJ.debug.temp.o
 .debug_macro   0x0000eb6d       0x28 C:\Users\embedded\AppData\Local\Temp\ccSJ87gJ.debug.temp.o
 .debug_macro   0x0000eb95       0x2e C:\Users\embedded\AppData\Local\Temp\ccSJ87gJ.debug.temp.o
 .debug_macro   0x0000ebc3       0x1c C:\Users\embedded\AppData\Local\Temp\ccSJ87gJ.debug.temp.o
 .debug_macro   0x0000ebdf       0x61 C:\Users\embedded\AppData\Local\Temp\ccSJ87gJ.debug.temp.o
 .debug_macro   0x0000ec40       0x24 C:\Users\embedded\AppData\Local\Temp\ccSJ87gJ.debug.temp.o
 .debug_macro   0x0000ec64       0x43 C:\Users\embedded\AppData\Local\Temp\ccSJ87gJ.debug.temp.o
 .debug_macro   0x0000eca7       0x34 C:\Users\embedded\AppData\Local\Temp\ccSJ87gJ.debug.temp.o
 .debug_macro   0x0000ecdb      0x370 C:\Users\embedded\AppData\Local\Temp\ccSJ87gJ.debug.temp.o
 .debug_macro   0x0000f04b       0x16 C:\Users\embedded\AppData\Local\Temp\ccSJ87gJ.debug.temp.o
 .debug_macro   0x0000f061       0x4a C:\Users\embedded\AppData\Local\Temp\ccSJ87gJ.debug.temp.o
 .debug_macro   0x0000f0ab       0x34 C:\Users\embedded\AppData\Local\Temp\ccSJ87gJ.debug.temp.o
 .debug_macro   0x0000f0df       0x10 C:\Users\embedded\AppData\Local\Temp\ccSJ87gJ.debug.temp.o
 .debug_macro   0x0000f0ef       0x58 C:\Users\embedded\AppData\Local\Temp\ccSJ87gJ.debug.temp.o
 .debug_macro   0x0000f147       0x8e C:\Users\embedded\AppData\Local\Temp\ccSJ87gJ.debug.temp.o
 .debug_macro   0x0000f1d5       0x1c C:\Users\embedded\AppData\Local\Temp\ccSJ87gJ.debug.temp.o
 .debug_macro   0x0000f1f1      0x185 C:\Users\embedded\AppData\Local\Temp\ccSJ87gJ.debug.temp.o
 .debug_macro   0x0000f376       0x10 C:\Users\embedded\AppData\Local\Temp\ccSJ87gJ.debug.temp.o
 .debug_macro   0x0000f386       0x3c C:\Users\embedded\AppData\Local\Temp\ccSJ87gJ.debug.temp.o
 .debug_macro   0x0000f3c2       0x20 C:\Users\embedded\AppData\Local\Temp\ccSJ87gJ.debug.temp.o
 .debug_macro   0x0000f3e2       0x2e C:\Users\embedded\AppData\Local\Temp\ccSJ87gJ.debug.temp.o
 .debug_macro   0x0000f410       0x16 C:\Users\embedded\AppData\Local\Temp\ccSJ87gJ.debug.temp.o
 .debug_macro   0x0000f426       0x52 C:\Users\embedded\AppData\Local\Temp\ccSJ87gJ.debug.temp.o
 .debug_macro   0x0000f478      0x1ed C:\Users\embedded\AppData\Local\Temp\ccyxLcdk.debug.temp.o
 .debug_macro   0x0000f665       0x28 C:\Users\embedded\AppData\Local\Temp\ccyxLcdk.debug.temp.o
 .debug_macro   0x0000f68d      0x2c4 C:\Users\embedded\AppData\Local\Temp\ccSRWf1U.debug.temp.o
 .debug_macro   0x0000f951       0x16 C:\Users\embedded\AppData\Local\Temp\ccSRWf1U.debug.temp.o
 .debug_macro   0x0000f967      0x2c1 C:\Users\embedded\AppData\Local\Temp\ccQMIJ9u.debug.temp.o
 .debug_macro   0x0000fc28      0x148 C:\Users\embedded\AppData\Local\Temp\ccQMIJ9u.debug.temp.o
 .debug_macro   0x0000fd70      0x1f7 C:\Users\embedded\AppData\Local\Temp\ccurLlrZ.debug.temp.o
 .debug_macro   0x0000ff67      0x2c1 C:\Users\embedded\AppData\Local\Temp\cc4HYmAE.debug.temp.o
 .debug_macro   0x00010228      0x2c6 C:\Users\embedded\AppData\Local\Temp\ccSXXIIi.debug.temp.o
 .debug_macro   0x000104ee      0x2b2 C:\Users\embedded\AppData\Local\Temp\ccUoxY6H.debug.temp.o
 .debug_macro   0x000107a0       0x4c C:\Users\embedded\AppData\Local\Temp\ccUoxY6H.debug.temp.o
 .debug_macro   0x000107ec      0x20f C:\Users\embedded\AppData\Local\Temp\ccCN8Upo.debug.temp.o
 .debug_macro   0x000109fb       0x34 C:\Users\embedded\AppData\Local\Temp\ccCN8Upo.debug.temp.o
 .debug_macro   0x00010a2f      0x351 C:\Users\embedded\AppData\Local\Temp\ccYwwYX8.debug.temp.o
 .debug_macro   0x00010d80       0x9a C:\Users\embedded\AppData\Local\Temp\ccYwwYX8.debug.temp.o
 .debug_macro   0x00010e1a       0xa6 C:\Users\embedded\AppData\Local\Temp\ccYwwYX8.debug.temp.o
 .debug_macro   0x00010ec0      0x1f6 C:\Users\embedded\AppData\Local\Temp\ccyJtA7S.debug.temp.o
 .debug_macro   0x000110b6       0x22 C:\Users\embedded\AppData\Local\Temp\ccyJtA7S.debug.temp.o
 .debug_macro   0x000110d8      0x30c C:\Users\embedded\AppData\Local\Temp\ccKTPCfC.debug.temp.o
 .debug_macro   0x000113e4       0x10 C:\Users\embedded\AppData\Local\Temp\ccKTPCfC.debug.temp.o
 .debug_macro   0x000113f4      0x1e4 C:\Users\embedded\AppData\Local\Temp\cc0N0f1T.debug.temp.o
 .debug_macro   0x000115d8      0x1ee C:\Users\embedded\AppData\Local\Temp\ccwsTfuF.debug.temp.o
 .debug_macro   0x000117c6      0x274 C:\Users\embedded\AppData\Local\Temp\ccC5lDPq.debug.temp.o
 .debug_macro   0x00011a3a       0x5b C:\Users\embedded\AppData\Local\Temp\ccC5lDPq.debug.temp.o
 .debug_macro   0x00011a95       0x94 C:\Users\embedded\AppData\Local\Temp\ccC5lDPq.debug.temp.o
 .debug_macro   0x00011b29       0x57 C:\Users\embedded\AppData\Local\Temp\ccC5lDPq.debug.temp.o
 .debug_macro   0x00011b80       0x10 C:\Users\embedded\AppData\Local\Temp\ccC5lDPq.debug.temp.o
 .debug_macro   0x00011b90       0x10 C:\Users\embedded\AppData\Local\Temp\ccC5lDPq.debug.temp.o
 .debug_macro   0x00011ba0       0x10 C:\Users\embedded\AppData\Local\Temp\ccC5lDPq.debug.temp.o
 .debug_macro   0x00011bb0       0x10 C:\Users\embedded\AppData\Local\Temp\ccC5lDPq.debug.temp.o
 .debug_macro   0x00011bc0       0x1c C:\Users\embedded\AppData\Local\Temp\ccC5lDPq.debug.temp.o
 .debug_macro   0x00011bdc       0x52 C:\Users\embedded\AppData\Local\Temp\ccC5lDPq.debug.temp.o
 .debug_macro   0x00011c2e       0x22 C:\Users\embedded\AppData\Local\Temp\ccC5lDPq.debug.temp.o
 .debug_macro   0x00011c50       0x10 C:\Users\embedded\AppData\Local\Temp\ccC5lDPq.debug.temp.o
 .debug_macro   0x00011c60       0x52 C:\Users\embedded\AppData\Local\Temp\ccC5lDPq.debug.temp.o
 .debug_macro   0x00011cb2       0xcf C:\Users\embedded\AppData\Local\Temp\ccC5lDPq.debug.temp.o
 .debug_macro   0x00011d81       0x1c C:\Users\embedded\AppData\Local\Temp\ccC5lDPq.debug.temp.o
 .debug_macro   0x00011d9d       0x3d C:\Users\embedded\AppData\Local\Temp\ccC5lDPq.debug.temp.o
 .debug_macro   0x00011dda       0x35 C:\Users\embedded\AppData\Local\Temp\ccC5lDPq.debug.temp.o
 .debug_macro   0x00011e0f      0x12c C:\Users\embedded\AppData\Local\Temp\ccC5lDPq.debug.temp.o
 .debug_macro   0x00011f3b       0x16 C:\Users\embedded\AppData\Local\Temp\ccC5lDPq.debug.temp.o
 .debug_macro   0x00011f51       0x16 C:\Users\embedded\AppData\Local\Temp\ccC5lDPq.debug.temp.o
 .debug_macro   0x00011f67       0x29 C:\Users\embedded\AppData\Local\Temp\ccC5lDPq.debug.temp.o
 .debug_macro   0x00011f90       0x10 C:\Users\embedded\AppData\Local\Temp\ccC5lDPq.debug.temp.o
 .debug_macro   0x00011fa0      0x242 C:\Users\embedded\AppData\Local\Temp\ccC5lDPq.debug.temp.o
 .debug_macro   0x000121e2       0x1c C:\Users\embedded\AppData\Local\Temp\ccC5lDPq.debug.temp.o
 .debug_macro   0x000121fe       0x10 C:\Users\embedded\AppData\Local\Temp\ccC5lDPq.debug.temp.o
 .debug_macro   0x0001220e       0x10 C:\Users\embedded\AppData\Local\Temp\ccC5lDPq.debug.temp.o
 .debug_macro   0x0001221e       0x16 C:\Users\embedded\AppData\Local\Temp\ccC5lDPq.debug.temp.o
 .debug_macro   0x00012234      0x146 C:\Users\embedded\AppData\Local\Temp\ccC5lDPq.debug.temp.o
 .debug_macro   0x0001237a      0x18a C:\Users\embedded\AppData\Local\Temp\ccC5lDPq.debug.temp.o
 .debug_macro   0x00012504       0x16 C:\Users\embedded\AppData\Local\Temp\ccC5lDPq.debug.temp.o
 .debug_macro   0x0001251a       0xce C:\Users\embedded\AppData\Local\Temp\ccC5lDPq.debug.temp.o
 .debug_macro   0x000125e8      0x112 C:\Users\embedded\AppData\Local\Temp\ccSjdNlg.debug.temp.o
 .debug_macro   0x000126fa      0x23c C:\Users\embedded\AppData\Local\Temp\ccSjdNlg.debug.temp.o
 .debug_macro   0x00012936      0x1d5 C:\Users\embedded\AppData\Local\Temp\ccwqSrk4.debug.temp.o
 .debug_macro   0x00012b0b      0x1f3 C:\Users\embedded\AppData\Local\Temp\cc0xgYZR.debug.temp.o
 .debug_macro   0x00012cfe       0x10 C:\Users\embedded\AppData\Local\Temp\cc0xgYZR.debug.temp.o
 .debug_macro   0x00012d0e      0x2f2 C:\Users\embedded\AppData\Local\Temp\ccCRefNJ.debug.temp.o
 .debug_macro   0x00013000       0x5e C:\Users\embedded\AppData\Local\Temp\ccCRefNJ.debug.temp.o
 .debug_macro   0x0001305e      0x1f9 C:\Users\embedded\AppData\Local\Temp\ccavCj8z.debug.temp.o
 .debug_macro   0x00013257      0x1f9 C:\Users\embedded\AppData\Local\Temp\cced02Kp.debug.temp.o
 .debug_macro   0x00013450      0x1e1 C:\Users\embedded\AppData\Local\Temp\ccmhOIxj.debug.temp.o
 .debug_macro   0x00013631      0x1d5 C:\Users\embedded\AppData\Local\Temp\ccGVV69c.debug.temp.o
 .debug_macro   0x00013806      0x1d5 C:\Users\embedded\AppData\Local\Temp\ccSbPWZ5.debug.temp.o
 .debug_macro   0x000139db      0x1d5 C:\Users\embedded\AppData\Local\Temp\cc01Xu1X.debug.temp.o
 .debug_macro   0x00013bb0      0x1e7 C:\Users\embedded\AppData\Local\Temp\cccoyRpT.debug.temp.o
 .debug_macro   0x00013d97      0x1dc C:\Users\embedded\AppData\Local\Temp\ccY4pKYN.debug.temp.o
 .debug_macro   0x00013f73      0x2a1 C:\Users\embedded\AppData\Local\Temp\ccOH4ZDM.debug.temp.o
 .debug_macro   0x00014214      0x1d5 C:\Users\embedded\AppData\Local\Temp\ccGtvm5J.debug.temp.o
 .debug_macro   0x000143e9      0x1e7 C:\Users\embedded\AppData\Local\Temp\ccKHJQMJ.debug.temp.o
 .debug_macro   0x000145d0      0x1d5 C:\Users\embedded\AppData\Local\Temp\ccGjOCbJ.debug.temp.o
 .debug_macro   0x000147a5      0x1d6 C:\Users\embedded\AppData\Local\Temp\cco8IcnM.debug.temp.o
 .debug_macro   0x0001497b      0x1d5 C:\Users\embedded\AppData\Local\Temp\ccgqyT6O.debug.temp.o
 .debug_macro   0x00014b50      0x1f2 C:\Users\embedded\AppData\Local\Temp\ccQiRF1Q.debug.temp.o

.debug_line_str
                0x00000000      0xec0
 .debug_line_str
                0x00000000      0x8cc C:\Users\embedded\AppData\Local\Temp\ccSJ87gJ.debug.temp.o
 .debug_line_str
                0x00000000      0x712 C:\Users\embedded\AppData\Local\Temp\ccyxLcdk.debug.temp.o
 .debug_line_str
                0x00000000      0x84c C:\Users\embedded\AppData\Local\Temp\ccSRWf1U.debug.temp.o
 .debug_line_str
                0x00000000      0x84e C:\Users\embedded\AppData\Local\Temp\ccQMIJ9u.debug.temp.o
 .debug_line_str
                0x00000000      0x708 C:\Users\embedded\AppData\Local\Temp\ccurLlrZ.debug.temp.o
 .debug_line_str
                0x00000000      0x846 C:\Users\embedded\AppData\Local\Temp\cc4HYmAE.debug.temp.o
 .debug_line_str
                0x00000000      0x852 C:\Users\embedded\AppData\Local\Temp\ccSXXIIi.debug.temp.o
 .debug_line_str
                0x00000000      0x833 C:\Users\embedded\AppData\Local\Temp\ccUoxY6H.debug.temp.o
 .debug_line_str
                0x00000000      0x70c C:\Users\embedded\AppData\Local\Temp\ccCN8Upo.debug.temp.o
 .debug_line_str
                0x00000000      0x8cf C:\Users\embedded\AppData\Local\Temp\ccYwwYX8.debug.temp.o
 .debug_line_str
                0x00000000      0x70e C:\Users\embedded\AppData\Local\Temp\ccyJtA7S.debug.temp.o
 .debug_line_str
                0x00000000      0x83c C:\Users\embedded\AppData\Local\Temp\ccKTPCfC.debug.temp.o
 .debug_line_str
                0x00000000      0x71c C:\Users\embedded\AppData\Local\Temp\cc0N0f1T.debug.temp.o
 .debug_line_str
                0x00000000      0x721 C:\Users\embedded\AppData\Local\Temp\ccwsTfuF.debug.temp.o
 .debug_line_str
                0x00000000      0x5c6 C:\Users\embedded\AppData\Local\Temp\ccC5lDPq.debug.temp.o
 .debug_line_str
                0x00000000      0x506 C:\Users\embedded\AppData\Local\Temp\ccSjdNlg.debug.temp.o
 .debug_line_str
                0x00000000      0x713 C:\Users\embedded\AppData\Local\Temp\ccwqSrk4.debug.temp.o
 .debug_line_str
                0x00000000      0x71b C:\Users\embedded\AppData\Local\Temp\cc0xgYZR.debug.temp.o
 .debug_line_str
                0x00000000      0x842 C:\Users\embedded\AppData\Local\Temp\ccCRefNJ.debug.temp.o
 .debug_line_str
                0x00000000      0x73d C:\Users\embedded\AppData\Local\Temp\ccavCj8z.debug.temp.o
 .debug_line_str
                0x00000000      0x745 C:\Users\embedded\AppData\Local\Temp\cced02Kp.debug.temp.o
 .debug_line_str
                0x00000000      0x74b C:\Users\embedded\AppData\Local\Temp\ccmhOIxj.debug.temp.o
 .debug_line_str
                0x00000000      0x74b C:\Users\embedded\AppData\Local\Temp\ccGVV69c.debug.temp.o
 .debug_line_str
                0x00000000      0x745 C:\Users\embedded\AppData\Local\Temp\ccSbPWZ5.debug.temp.o
 .debug_line_str
                0x00000000      0x749 C:\Users\embedded\AppData\Local\Temp\cc01Xu1X.debug.temp.o
 .debug_line_str
                0x00000000      0x74f C:\Users\embedded\AppData\Local\Temp\cccoyRpT.debug.temp.o
 .debug_line_str
                0x00000000      0x747 C:\Users\embedded\AppData\Local\Temp\ccY4pKYN.debug.temp.o
 .debug_line_str
                0x00000000      0x745 C:\Users\embedded\AppData\Local\Temp\ccOH4ZDM.debug.temp.o
 .debug_line_str
                0x00000000      0x74b C:\Users\embedded\AppData\Local\Temp\ccGtvm5J.debug.temp.o
 .debug_line_str
                0x00000000      0x745 C:\Users\embedded\AppData\Local\Temp\ccKHJQMJ.debug.temp.o
 .debug_line_str
                0x00000000      0x74b C:\Users\embedded\AppData\Local\Temp\ccGjOCbJ.debug.temp.o
 .debug_line_str
                0x00000000      0x745 C:\Users\embedded\AppData\Local\Temp\cco8IcnM.debug.temp.o
 .debug_line_str
                0x00000000      0x74b C:\Users\embedded\AppData\Local\Temp\ccgqyT6O.debug.temp.o
 .debug_line_str
                0x00000000      0x747 C:\Users\embedded\AppData\Local\Temp\ccQiRF1Q.debug.temp.o
 .debug_line_str
                0x00000000      0xec0 ./Core/Startup/startup_stm32f030k6tx.o
                                 0x4a (size before relaxing)
